[
  {
    "variation": "n7_symbol_domain",
    "repo": "synthetic_bad_repo",
    "files_analysis": 4,
    "files_corpus": 4,
    "metric_def": "unreferenced-domain-v4",
    "max_metric": 80,
    "corpus_meta": {
      "n_py_in_artefact": 4,
      "n_analysis": 4,
      "n_corpus": 4,
      "basename_collisions": [],
      "max_files_cap": 4000
    },
    "run4_precondition_ok": true,
    "run4_n_certified": 1,
    "run4_certified": [
      "repo.UserRepo.dead_method"
    ],
    "corpus_complete": false,
    "n_predicted_dead": 1,
    "n_certified": 1,
    "certification_rate": 1.0,
    "dead_certified": [
      "repo.UserRepo.dead_method"
    ],
    "n_blocked": 0,
    "n_blocked_by_string_only": 0,
    "dead_blocked_by_string_only": [],
    "n_complex_sites": 0,
    "cpg_resolution_rate": 0.6667,
    "cpg_parse_errors": [
      "broken"
    ],
    "n_parse_errors": 1,
    "peak_ram_mb": 22.57,
    "token_cost_usd": 0.0,
    "elapsed_s": 0.0,
    "run4_term_v3": 1.0,
    "unreferenced_term": 0.0,
    "unreferenced_term_refused_reason": "corpus_incomplete",
    "new_subset_of_run4_ungated": true,
    "n_run4_cert_out_of_scope_refs": 0,
    "run4_cert_out_of_scope_sample": [],
    "n_run4_cert_blocked_only_by_string": 0,
    "n_run4_ungated_false_positives": null,
    "n_run4_gated_certified": 1,
    "n_certified_only_by_new_rule": 0,
    "status": "unvalidated",
    "reason": "oracle observed no dispatches; structural term undefined",
    "oracle_ran": false,
    "harness_score_v4": null,
    "struct_precision_dyn": null,
    "struct_recall_dyn": null
  },
  {
    "variation": "n7_symbol_domain",
    "repo": "synthetic_cpg_repo",
    "files_analysis": 4,
    "files_corpus": 4,
    "metric_def": "unreferenced-domain-v4",
    "max_metric": 80,
    "corpus_meta": {
      "n_py_in_artefact": 4,
      "n_analysis": 4,
      "n_corpus": 4,
      "basename_collisions": [],
      "max_files_cap": 4000
    },
    "run4_precondition_ok": true,
    "run4_n_certified": 1,
    "run4_certified": [
      "repo.UserRepo.dead_method"
    ],
    "corpus_complete": false,
    "n_predicted_dead": 3,
    "n_certified": 1,
    "certification_rate": 0.3333,
    "dead_certified": [
      "repo.UserRepo.dead_method"
    ],
    "n_blocked": 2,
    "n_blocked_by_string_only": 0,
    "dead_blocked_by_string_only": [],
    "n_complex_sites": 0,
    "cpg_resolution_rate": 0.5,
    "cpg_parse_errors": [
      "broken"
    ],
    "n_parse_errors": 1,
    "peak_ram_mb": 22.7,
    "token_cost_usd": 0.0,
    "elapsed_s": 0.0,
    "run4_term_v3": 1.0,
    "unreferenced_term": 0.0,
    "unreferenced_term_refused_reason": "corpus_incomplete",
    "new_subset_of_run4_ungated": true,
    "n_run4_cert_out_of_scope_refs": 0,
    "run4_cert_out_of_scope_sample": [],
    "n_run4_cert_blocked_only_by_string": 0,
    "n_run4_ungated_false_positives": null,
    "n_run4_gated_certified": 1,
    "n_certified_only_by_new_rule": 0,
    "oracle_ran": true,
    "struct_precision_dyn": 1.0,
    "struct_recall_dyn": 0.5,
    "blast_symbols": 3,
    "blast_latency_ms": 0.51,
    "harness_score_v4": 79.55,
    "dead_term_scored": false,
    "ground_truth_checked": false,
    "ground_truth_note": "no ground truth exists for a real repository, so the real-repo rows carry NO accuracy claim; the soundness claim is the proof in src/04_symbol_domain.py, and it is falsified or confirmed on synthetic_taint_repo where the truth is written down"
  },
  {
    "variation": "n7_symbol_domain",
    "repo": "synthetic_promo_repo",
    "files_analysis": 8,
    "files_corpus": 8,
    "metric_def": "unreferenced-domain-v4",
    "max_metric": 80,
    "corpus_meta": {
      "n_py_in_artefact": 8,
      "n_analysis": 8,
      "n_corpus": 8,
      "basename_collisions": [],
      "max_files_cap": 4000
    },
    "run4_precondition_ok": true,
    "run4_n_certified": 1,
    "run4_certified": [
      "cache.Cache.stale"
    ],
    "corpus_complete": true,
    "n_predicted_dead": 5,
    "n_certified": 1,
    "certification_rate": 0.2,
    "dead_certified": [
      "cache.Cache.stale"
    ],
    "n_blocked": 4,
    "n_blocked_by_string_only": 0,
    "dead_blocked_by_string_only": [],
    "n_complex_sites": 0,
    "cpg_resolution_rate": 0.4545,
    "cpg_parse_errors": [],
    "n_parse_errors": 0,
    "peak_ram_mb": 22.7,
    "token_cost_usd": 0.0,
    "elapsed_s": 0.0,
    "run4_term_v3": 1.0,
    "unreferenced_term": 1.0,
    "unreferenced_term_refused_reason": null,
    "new_subset_of_run4_ungated": true,
    "n_run4_cert_out_of_scope_refs": 0,
    "run4_cert_out_of_scope_sample": [],
    "n_run4_cert_blocked_only_by_string": 0,
    "n_run4_ungated_false_positives": 0,
    "n_run4_gated_certified": 1,
    "n_certified_only_by_new_rule": 0,
    "oracle_ran": true,
    "struct_precision_dyn": 1.0,
    "struct_recall_dyn": 0.4545,
    "blast_symbols": 8,
    "blast_latency_ms": 0.51,
    "harness_score_v4": 79.55,
    "dead_term_scored": false,
    "ground_truth_checked": false,
    "ground_truth_note": "no ground truth exists for a real repository, so the real-repo rows carry NO accuracy claim; the soundness claim is the proof in src/04_symbol_domain.py, and it is falsified or confirmed on synthetic_taint_repo where the truth is written down"
  },
  {
    "variation": "n7_symbol_domain",
    "repo": "synthetic_taint_repo",
    "files_analysis": 2,
    "files_corpus": 3,
    "metric_def": "unreferenced-domain-v4",
    "max_metric": 80,
    "corpus_meta": {
      "n_py_in_artefact": 3,
      "n_analysis": 2,
      "n_corpus": 3,
      "basename_collisions": [],
      "max_files_cap": 4000
    },
    "run4_precondition_ok": false,
    "run4_n_certified": 4,
    "run4_certified": [
      "alpha._alpha_dead",
      "alpha._alpha_via_string",
      "beta._beta_dead",
      "beta._beta_live_from_test"
    ],
    "corpus_complete": true,
    "n_predicted_dead": 4,
    "n_certified": 2,
    "certification_rate": 0.5,
    "dead_certified": [
      "alpha._alpha_dead",
      "beta._beta_dead"
    ],
    "n_blocked": 2,
    "n_blocked_by_string_only": 1,
    "dead_blocked_by_string_only": [
      "alpha._alpha_via_string"
    ],
    "n_complex_sites": 2,
    "cpg_resolution_rate": 0.3333,
    "cpg_parse_errors": [],
    "n_parse_errors": 0,
    "peak_ram_mb": 22.82,
    "token_cost_usd": 0.0,
    "elapsed_s": 0.0,
    "run4_term_v3": 0.0,
    "unreferenced_term": 1.0,
    "unreferenced_term_refused_reason": null,
    "new_subset_of_run4_ungated": true,
    "n_run4_cert_out_of_scope_refs": 1,
    "run4_cert_out_of_scope_sample": [
      "beta._beta_live_from_test"
    ],
    "n_run4_cert_blocked_only_by_string": 0,
    "n_run4_ungated_false_positives": 2,
    "n_run4_gated_certified": 0,
    "n_certified_only_by_new_rule": 2,
    "oracle_ran": true,
    "struct_precision_dyn": 1.0,
    "struct_recall_dyn": 0.5,
    "blast_symbols": 2,
    "blast_latency_ms": 0.5,
    "harness_score_v4": 79.55,
    "dead_term_scored": false,
    "ground_truth_dead": [
      "alpha._alpha_dead",
      "beta._beta_dead"
    ],
    "false_positives": [],
    "false_negatives": [],
    "precision_vs_truth": 1.0,
    "recall_vs_truth": 1.0,
    "run4_false_positives": [
      "alpha._alpha_via_string",
      "beta._beta_live_from_test"
    ],
    "ground_truth_checked": true
  },
  {
    "variation": "n7_symbol_domain",
    "repo": "pallets/flask",
    "files_analysis": 24,
    "files_corpus": 83,
    "metric_def": "unreferenced-domain-v4",
    "max_metric": 80,
    "corpus_meta": {
      "n_py_in_artefact": 83,
      "n_analysis": 24,
      "n_corpus": 83,
      "oversize_files": 0,
      "basename_collisions": {
        "__init__": [
          "src.flask.__init__",
          "src.flask.json.__init__"
        ],
        "app": [
          "src.flask.app",
          "src.flask.sansio.app"
        ],
        "blueprints": [
          "src.flask.blueprints",
          "src.flask.sansio.blueprints"
        ]
      },
      "n_files_dropped_by_basename_keying": 3,
      "max_files_cap": 4000
    },
    "run4_precondition_ok": false,
    "run4_n_certified": 111,
    "run4_certified": [
      "src.flask.app.Flask.create_jinja_environment",
      "src.flask.app.Flask.open_instance_resource",
      "src.flask.app.Flask.open_resource",
      "src.flask.app.Flask.run",
      "src.flask.app.Flask.test_cli_runner",
      "src.flask.app.Flask.test_client",
      "src.flask.app._make_timedelta",
      "src.flask.blueprints.Blueprint.open_resource",
      "src.flask.cli.CertParamType.convert",
      "src.flask.cli.SeparatedPathType.convert"
    ],
    "corpus_complete": true,
    "n_predicted_dead": 204,
    "n_certified": 4,
    "certification_rate": 0.0196,
    "dead_certified": [
      "src.flask.app.Flask.open_instance_resource",
      "src.flask.cli._path_is_ancestor",
      "src.flask.sansio.app.App.shell_context_processor",
      "src.flask.testing.EnvironBuilder.json_dumps"
    ],
    "n_blocked": 200,
    "n_blocked_by_string_only": 1,
    "dead_blocked_by_string_only": [
      "src.flask.sansio.scaffold.Scaffold.patch"
    ],
    "n_complex_sites": 15,
    "cpg_resolution_rate": 0.274,
    "cpg_parse_errors": [],
    "n_parse_errors": 0,
    "peak_ram_mb": 32.99,
    "token_cost_usd": 0.0,
    "elapsed_s": 0.39,
    "run4_term_v3": 0.0,
    "unreferenced_term": 1.0,
    "unreferenced_term_refused_reason": null,
    "new_subset_of_run4_ungated": true,
    "n_run4_cert_out_of_scope_refs": 80,
    "run4_cert_out_of_scope_sample": [
      "src.flask.app.Flask.open_resource",
      "src.flask.app.Flask.run",
      "src.flask.app.Flask.test_cli_runner",
      "src.flask.app.Flask.test_client",
      "src.flask.blueprints.Blueprint.open_resource",
      "src.flask.cli.get_version",
      "src.flask.cli.run_command",
      "src.flask.config.Config.from_envvar",
      "src.flask.config.Config.from_file",
      "src.flask.config.Config.from_prefixed_env"
    ],
    "n_run4_cert_blocked_only_by_string": 1,
    "n_run4_ungated_false_positives": 107,
    "n_run4_gated_certified": 0,
    "n_certified_only_by_new_rule": 4,
    "oracle_ran": false,
    "harness_score_v4": null,
    "score_withheld_reason": "the structural term is defined against a dynamic oracle, and the oracle executes code. It is deliberately not run on a third-party tarball, so no harness_score is emitted for real repositories. The gated dead term and the certification counts ARE emitted, because they are trace-free.",
    "ground_truth_checked": false,
    "ground_truth_note": "no ground truth exists for a real repository, so the real-repo rows carry NO accuracy claim; the soundness claim is the proof in src/04_symbol_domain.py, and it is falsified or confirmed on synthetic_taint_repo where the truth is written down"
  },
  {
    "variation": "n7_symbol_domain",
    "repo": "psf/requests",
    "files_analysis": 20,
    "files_corpus": 37,
    "metric_def": "unreferenced-domain-v4",
    "max_metric": 80,
    "corpus_meta": {
      "n_py_in_artefact": 37,
      "n_analysis": 20,
      "n_corpus": 37,
      "oversize_files": 0,
      "basename_collisions": {},
      "n_files_dropped_by_basename_keying": 0,
      "max_files_cap": 4000
    },
    "run4_precondition_ok": false,
    "run4_n_certified": 84,
    "run4_certified": [
      "src.requests.__init__._check_cryptography",
      "src.requests.__init__.check_compatibility",
      "src.requests._internal_utils.to_native_string",
      "src.requests._internal_utils.unicode_is_ascii",
      "src.requests._types.is_prepared",
      "src.requests.adapters.HTTPAdapter.get_connection",
      "src.requests.api.delete",
      "src.requests.api.head",
      "src.requests.api.options",
      "src.requests.api.patch"
    ],
    "corpus_complete": true,
    "n_predicted_dead": 110,
    "n_certified": 22,
    "certification_rate": 0.2,
    "dead_certified": [
      "src.requests.adapters.HTTPAdapter.get_connection",
      "src.requests.cookies.MockRequest.add_header",
      "src.requests.cookies.MockRequest.add_unredirected_header",
      "src.requests.cookies.MockRequest.get_full_url",
      "src.requests.cookies.MockRequest.get_header",
      "src.requests.cookies.MockRequest.get_type",
      "src.requests.cookies.MockRequest.has_header",
      "src.requests.cookies.MockRequest.origin_req_host",
      "src.requests.cookies.MockRequest.unverifiable",
      "src.requests.cookies.RequestsCookieJar._find"
    ],
    "n_blocked": 88,
    "n_blocked_by_string_only": 0,
    "dead_blocked_by_string_only": [],
    "n_complex_sites": 1,
    "cpg_resolution_rate": 0.4885,
    "cpg_parse_errors": [],
    "n_parse_errors": 0,
    "peak_ram_mb": 36.24,
    "token_cost_usd": 0.0,
    "elapsed_s": 0.27,
    "run4_term_v3": 0.0,
    "unreferenced_term": 1.0,
    "unreferenced_term_refused_reason": null,
    "new_subset_of_run4_ungated": true,
    "n_run4_cert_out_of_scope_refs": 43,
    "run4_cert_out_of_scope_sample": [
      "src.requests._internal_utils.to_native_string",
      "src.requests._internal_utils.unicode_is_ascii",
      "src.requests.api.delete",
      "src.requests.api.head",
      "src.requests.api.patch",
      "src.requests.api.post",
      "src.requests.api.put",
      "src.requests.cookies.MockRequest.host",
      "src.requests.cookies.MockResponse.info",
      "src.requests.cookies.RequestsCookieJar.keys"
    ],
    "n_run4_cert_blocked_only_by_string": 0,
    "n_run4_ungated_false_positives": 62,
    "n_run4_gated_certified": 0,
    "n_certified_only_by_new_rule": 22,
    "oracle_ran": false,
    "harness_score_v4": null,
    "score_withheld_reason": "the structural term is defined against a dynamic oracle, and the oracle executes code. It is deliberately not run on a third-party tarball, so no harness_score is emitted for real repositories. The gated dead term and the certification counts ARE emitted, because they are trace-free.",
    "ground_truth_checked": false,
    "ground_truth_note": "no ground truth exists for a real repository, so the real-repo rows carry NO accuracy claim; the soundness claim is the proof in src/04_symbol_domain.py, and it is falsified or confirmed on synthetic_taint_repo where the truth is written down"
  },
  {
    "variation": "n7_symbol_domain",
    "repo": "tiangolo/sqlmodel",
    "files_analysis": 171,
    "files_corpus": 333,
    "metric_def": "unreferenced-domain-v4",
    "max_metric": 80,
    "corpus_meta": {
      "n_py_in_artefact": 333,
      "n_analysis": 171,
      "n_corpus": 333,
      "oversize_files": 0,
      "basename_collisions": {
        "__init__": [
          "docs_src.__init__",
          "docs_src.advanced.__init__",
          "docs_src.advanced.datetime.__init__",
          "docs_src.advanced.decimal.__init__",
          "docs_src.advanced.uuid.__init__",
          "docs_src.tutorial.__init__",
          "docs_src.tutorial.automatic_id_none_refresh.__init__",
          "docs_src.tutorial.code_structure.__init__",
          "docs_src.tutorial.code_structure.tutorial001_py310.__init__",
          "docs_src.tutorial.code_structure.tutorial002_py310.__init__",
          "docs_src.tutorial.connect.__init__",
          "docs_src.tutorial.connect.create_tables.__init__",
          "docs_src.tutorial.connect.delete.__init__",
          "docs_src.tutorial.connect.insert.__init__",
          "docs_src.tutorial.connect.select.__init__",
          "docs_src.tutorial.connect.update.__init__",
          "docs_src.tutorial.create_db_and_table.__init__",
          "docs_src.tutorial.delete.__init__",
          "docs_src.tutorial.fastapi.__init__",
          "docs_src.tutorial.fastapi.app_testing.__init__",
          "docs_src.tutorial.fastapi.app_testing.tutorial001_py310.__init__",
          "docs_src.tutorial.fastapi.delete.__init__",
          "docs_src.tutorial.fastapi.limit_and_offset.__init__",
          "docs_src.tutorial.fastapi.multiple_models.__init__",
          "docs_src.tutorial.fastapi.read_one.__init__",
          "docs_src.tutorial.fastapi.relationships.__init__",
          "docs_src.tutorial.fastapi.response_model.__init__",
          "docs_src.tutorial.fastapi.session_with_dependency.__init__",
          "docs_src.tutorial.fastapi.simple_hero_api.__init__",
          "docs_src.tutorial.fastapi.teams.__init__",
          "docs_src.tutorial.fastapi.update.__init__",
          "docs_src.tutorial.indexes.__init__",
          "docs_src.tutorial.insert.__init__",
          "docs_src.tutorial.many_to_many.__init__",
          "docs_src.tutorial.offset_and_limit.__init__",
          "docs_src.tutorial.one.__init__",
          "docs_src.tutorial.relationship_attributes.__init__",
          "docs_src.tutorial.relationship_attributes.back_populates.__init__",
          "docs_src.tutorial.relationship_attributes.cascade_delete_relationships.__init__",
          "docs_src.tutorial.relationship_attributes.create_and_update_relationships.__init__",
          "docs_src.tutorial.relationship_attributes.define_relationship_attributes.__init__",
          "docs_src.tutorial.relationship_attributes.read_relationships.__init__",
          "docs_src.tutorial.select.__init__",
          "docs_src.tutorial.update.__init__",
          "docs_src.tutorial.where.__init__",
          "sqlmodel.__init__",
          "sqlmodel.ext.__init__",
          "sqlmodel.ext.asyncio.__init__",
          "sqlmodel.orm.__init__",
          "sqlmodel.pool.__init__",
          "sqlmodel.sql.__init__"
        ],
        "tutorial001_py310": [
          "docs_src.advanced.datetime.tutorial001_py310",
          "docs_src.advanced.decimal.tutorial001_py310",
          "docs_src.advanced.uuid.tutorial001_py310",
          "docs_src.tutorial.automatic_id_none_refresh.tutorial001_py310",
          "docs_src.tutorial.connect.create_tables.tutorial001_py310",
          "docs_src.tutorial.connect.delete.tutorial001_py310",
          "docs_src.tutorial.connect.insert.tutorial001_py310",
          "docs_src.tutorial.connect.select.tutorial001_py310",
          "docs_src.tutorial.connect.update.tutorial001_py310",
          "docs_src.tutorial.create_db_and_table.tutorial001_py310",
          "docs_src.tutorial.delete.tutorial001_py310",
          "docs_src.tutorial.fastapi.delete.tutorial001_py310",
          "docs_src.tutorial.fastapi.limit_and_offset.tutorial001_py310",
          "docs_src.tutorial.fastapi.multiple_models.tutorial001_py310",
          "docs_src.tutorial.fastapi.read_one.tutorial001_py310",
          "docs_src.tutorial.fastapi.relationships.tutorial001_py310",
          "docs_src.tutorial.fastapi.response_model.tutorial001_py310",
          "docs_src.tutorial.fastapi.session_with_dependency.tutorial001_py310",
          "docs_src.tutorial.fastapi.simple_hero_api.tutorial001_py310",
          "docs_src.tutorial.fastapi.teams.tutorial001_py310",
          "docs_src.tutorial.fastapi.update.tutorial001_py310",
          "docs_src.tutorial.indexes.tutorial001_py310",
          "docs_src.tutorial.insert.tutorial001_py310",
          "docs_src.tutorial.many_to_many.tutorial001_py310",
          "docs_src.tutorial.offset_and_limit.tutorial001_py310",
          "docs_src.tutorial.one.tutorial001_py310",
          "docs_src.tutorial.relationship_attributes.back_populates.tutorial001_py310",
          "docs_src.tutorial.relationship_attributes.cascade_delete_relationships.tutorial001_py310",
          "docs_src.tutorial.relationship_attributes.create_and_update_relationships.tutorial001_py310",
          "docs_src.tutorial.relationship_attributes.define_relationship_attributes.tutorial001_py310",
          "docs_src.tutorial.relationship_attributes.read_relationships.tutorial001_py310",
          "docs_src.tutorial.select.tutorial001_py310",
          "docs_src.tutorial.update.tutorial001_py310",
          "docs_src.tutorial.where.tutorial001_py310"
        ],
        "tutorial002_py310": [
          "docs_src.advanced.datetime.tutorial002_py310",
          "docs_src.advanced.uuid.tutorial002_py310",
          "docs_src.tutorial.automatic_id_none_refresh.tutorial002_py310",
          "docs_src.tutorial.connect.select.tutorial002_py310",
          "docs_src.tutorial.create_db_and_table.tutorial002_py310",
          "docs_src.tutorial.delete.tutorial002_py310",
          "docs_src.tutorial.fastapi.multiple_models.tutorial002_py310",
          "docs_src.tutorial.fastapi.update.tutorial002_py310",
          "docs_src.tutorial.indexes.tutorial002_py310",
          "docs_src.tutorial.insert.tutorial002_py310",
          "docs_src.tutorial.many_to_many.tutorial002_py310",
          "docs_src.tutorial.offset_and_limit.tutorial002_py310",
          "docs_src.tutorial.one.tutorial002_py310",
          "docs_src.tutorial.relationship_attributes.back_populates.tutorial002_py310",
          "docs_src.tutorial.relationship_attributes.cascade_delete_relationships.tutorial002_py310",
          "docs_src.tutorial.relationship_attributes.read_relationships.tutorial002_py310",
          "docs_src.tutorial.select.tutorial002_py310",
          "docs_src.tutorial.update.tutorial002_py310",
          "docs_src.tutorial.where.tutorial002_py310"
        ],
        "tutorial003_py310": [
          "docs_src.advanced.datetime.tutorial003_py310",
          "docs_src.tutorial.connect.select.tutorial003_py310",
          "docs_src.tutorial.create_db_and_table.tutorial003_py310",
          "docs_src.tutorial.insert.tutorial003_py310",
          "docs_src.tutorial.many_to_many.tutorial003_py310",
          "docs_src.tutorial.offset_and_limit.tutorial003_py310",
          "docs_src.tutorial.one.tutorial003_py310",
          "docs_src.tutorial.relationship_attributes.back_populates.tutorial003_py310",
          "docs_src.tutorial.relationship_attributes.cascade_delete_relationships.tutorial003_py310",
          "docs_src.tutorial.select.tutorial003_py310",
          "docs_src.tutorial.update.tutorial003_py310",
          "docs_src.tutorial.where.tutorial003_py310"
        ],
        "tutorial004_py310": [
          "docs_src.advanced.datetime.tutorial004_py310",
          "docs_src.tutorial.connect.select.tutorial004_py310",
          "docs_src.tutorial.offset_and_limit.tutorial004_py310",
          "docs_src.tutorial.one.tutorial004_py310",
          "docs_src.tutorial.relationship_attributes.cascade_delete_relationships.tutorial004_py310",
          "docs_src.tutorial.select.tutorial004_py310",
          "docs_src.tutorial.update.tutorial004_py310",
          "docs_src.tutorial.where.tutorial004_py310"
        ],
        "tutorial005_py310": [
          "docs_src.advanced.datetime.tutorial005_py310",
          "docs_src.tutorial.connect.select.tutorial005_py310",
          "docs_src.tutorial.one.tutorial005_py310",
          "docs_src.tutorial.relationship_attributes.cascade_delete_relationships.tutorial005_py310",
          "docs_src.tutorial.where.tutorial005_py310"
        ],
        "app": [
          "docs_src.tutorial.code_structure.tutorial001_py310.app",
          "docs_src.tutorial.code_structure.tutorial002_py310.app"
        ],
        "database": [
          "docs_src.tutorial.code_structure.tutorial001_py310.database",
          "docs_src.tutorial.code_structure.tutorial002_py310.database"
        ],
        "main": [
          "docs_src.tutorial.fastapi.app_testing.tutorial001_py310.main",
          "sqlmodel.main"
        ],
        "tutorial006_py310": [
          "docs_src.tutorial.one.tutorial006_py310",
          "docs_src.tutorial.where.tutorial006_py310"
        ],
        "tutorial007_py310": [
          "docs_src.tutorial.one.tutorial007_py310",
          "docs_src.tutorial.where.tutorial007_py310"
        ],
        "tutorial008_py310": [
          "docs_src.tutorial.one.tutorial008_py310",
          "docs_src.tutorial.where.tutorial008_py310"
        ],
        "tutorial009_py310": [
          "docs_src.tutorial.one.tutorial009_py310",
          "docs_src.tutorial.where.tutorial009_py310"
        ],
        "session": [
          "sqlmodel.ext.asyncio.session",
          "sqlmodel.orm.session"
        ]
      },
      "n_files_dropped_by_basename_keying": 131,
      "max_files_cap": 4000
    },
    "run4_precondition_ok": true,
    "run4_n_certified": 195,
    "run4_certified": [
      "docs_src.advanced.datetime.tutorial001_py310.main",
      "docs_src.advanced.datetime.tutorial001_py311.main",
      "docs_src.advanced.datetime.tutorial002_py310.main",
      "docs_src.advanced.datetime.tutorial003_py310.main",
      "docs_src.advanced.datetime.tutorial004_py310.downgrade",
      "docs_src.advanced.datetime.tutorial004_py310.upgrade",
      "docs_src.advanced.datetime.tutorial005_py310.main",
      "docs_src.advanced.decimal.tutorial001_py310.main",
      "docs_src.advanced.uuid.tutorial001_py310.main",
      "docs_src.advanced.uuid.tutorial002_py310.main"
    ],
    "corpus_complete": true,
    "n_predicted_dead": 246,
    "n_certified": 22,
    "certification_rate": 0.0894,
    "dead_certified": [
      "docs_src.tutorial.fastapi.app_testing.tutorial001_py310.test_extra_coverage.test_delete_hero_not_found",
      "docs_src.tutorial.fastapi.app_testing.tutorial001_py310.test_extra_coverage.test_get_session",
      "docs_src.tutorial.fastapi.app_testing.tutorial001_py310.test_extra_coverage.test_read_hero_not_found",
      "docs_src.tutorial.fastapi.app_testing.tutorial001_py310.test_extra_coverage.test_startup",
      "docs_src.tutorial.fastapi.app_testing.tutorial001_py310.test_extra_coverage.test_update_hero_not_found",
      "docs_src.tutorial.fastapi.app_testing.tutorial001_py310.test_main.test_create_hero_incomplete",
      "docs_src.tutorial.fastapi.app_testing.tutorial001_py310.test_main.test_create_hero_invalid",
      "docs_src.tutorial.fastapi.app_testing.tutorial001_py310.test_main.test_delete_hero",
      "docs_src.tutorial.fastapi.app_testing.tutorial001_py310.test_main.test_read_hero",
      "docs_src.tutorial.fastapi.app_testing.tutorial001_py310.test_main.test_read_heroes"
    ],
    "n_blocked": 224,
    "n_blocked_by_string_only": 2,
    "dead_blocked_by_string_only": [
      "scripts.docs.build",
      "scripts.docs.serve"
    ],
    "n_complex_sites": 0,
    "cpg_resolution_rate": 0.4502,
    "cpg_parse_errors": [],
    "n_parse_errors": 0,
    "peak_ram_mb": 48.03,
    "token_cost_usd": 0.0,
    "elapsed_s": 0.56,
    "run4_term_v3": 1.0,
    "unreferenced_term": 1.0,
    "unreferenced_term_refused_reason": null,
    "new_subset_of_run4_ungated": true,
    "n_run4_cert_out_of_scope_refs": 107,
    "run4_cert_out_of_scope_sample": [
      "docs_src.advanced.datetime.tutorial001_py310.main",
      "docs_src.advanced.datetime.tutorial001_py311.main",
      "docs_src.advanced.datetime.tutorial002_py310.main",
      "docs_src.advanced.datetime.tutorial003_py310.main",
      "docs_src.advanced.datetime.tutorial004_py310.downgrade",
      "docs_src.advanced.datetime.tutorial004_py310.upgrade",
      "docs_src.advanced.datetime.tutorial005_py310.main",
      "docs_src.advanced.decimal.tutorial001_py310.main",
      "docs_src.advanced.uuid.tutorial001_py310.main",
      "docs_src.advanced.uuid.tutorial002_py310.main"
    ],
    "n_run4_cert_blocked_only_by_string": 0,
    "n_run4_ungated_false_positives": 173,
    "n_run4_gated_certified": 195,
    "n_certified_only_by_new_rule": 0,
    "oracle_ran": false,
    "harness_score_v4": null,
    "score_withheld_reason": "the structural term is defined against a dynamic oracle, and the oracle executes code. It is deliberately not run on a third-party tarball, so no harness_score is emitted for real repositories. The gated dead term and the certification counts ARE emitted, because they are trace-free.",
    "ground_truth_checked": false,
    "ground_truth_note": "no ground truth exists for a real repository, so the real-repo rows carry NO accuracy claim; the soundness claim is the proof in src/04_symbol_domain.py, and it is falsified or confirmed on synthetic_taint_repo where the truth is written down"
  },
  {
    "variation": "n7_symbol_domain",
    "repo": "Textualize/rich",
    "files_analysis": 109,
    "files_corpus": 213,
    "metric_def": "unreferenced-domain-v4",
    "max_metric": 80,
    "corpus_meta": {
      "n_py_in_artefact": 213,
      "n_analysis": 109,
      "n_corpus": 213,
      "oversize_files": 0,
      "basename_collisions": {
        "__init__": [
          "benchmarks.__init__",
          "rich.__init__",
          "rich._unicode_data.__init__"
        ]
      },
      "n_files_dropped_by_basename_keying": 2,
      "max_files_cap": 4000
    },
    "run4_precondition_ok": false,
    "run4_n_certified": 198,
    "run4_certified": [
      "benchmarks.benchmarks.ColorSuite.setup",
      "benchmarks.benchmarks.ColorSuite.time_downgrade_to_eight_bit",
      "benchmarks.benchmarks.ColorSuite.time_downgrade_to_standard",
      "benchmarks.benchmarks.ColorSuite.time_downgrade_to_windows",
      "benchmarks.benchmarks.ColorSuiteCached.setup",
      "benchmarks.benchmarks.ColorSuiteCached.time_downgrade_to_eight_bit",
      "benchmarks.benchmarks.ColorSuiteCached.time_downgrade_to_standard",
      "benchmarks.benchmarks.ColorSuiteCached.time_downgrade_to_windows",
      "benchmarks.benchmarks.PrettySuite.setup",
      "benchmarks.benchmarks.PrettySuite.time_pretty"
    ],
    "corpus_complete": true,
    "n_predicted_dead": 452,
    "n_certified": 27,
    "certification_rate": 0.0597,
    "dead_certified": [
      "benchmarks.benchmarks.PrettySuite.time_pretty",
      "benchmarks.benchmarks.PrettySuite.time_pretty_indent_guides",
      "benchmarks.benchmarks.PrettySuite.time_pretty_justify_center",
      "benchmarks.benchmarks.StyleSuite.time_parse_ansi",
      "benchmarks.benchmarks.StyleSuite.time_parse_hex",
      "benchmarks.benchmarks.StyleSuite.time_parse_mixed_complex_style",
      "benchmarks.benchmarks.StyleSuite.time_style_add",
      "benchmarks.benchmarks.SyntaxWrappingSuite.time_text_thin_terminal_heavy_wrapping",
      "benchmarks.benchmarks.SyntaxWrappingSuite.time_text_thin_terminal_medium_wrapping",
      "benchmarks.benchmarks.SyntaxWrappingSuite.time_text_wide_terminal_no_wrapping"
    ],
    "n_blocked": 425,
    "n_blocked_by_string_only": 1,
    "dead_blocked_by_string_only": [
      "rich.file_proxy.FileProxy.rich_proxied_file"
    ],
    "n_complex_sites": 5,
    "cpg_resolution_rate": 0.3967,
    "cpg_parse_errors": [],
    "n_parse_errors": 0,
    "peak_ram_mb": 65.03,
    "token_cost_usd": 0.0,
    "elapsed_s": 1.59,
    "run4_term_v3": 0.0,
    "unreferenced_term": 1.0,
    "unreferenced_term_refused_reason": null,
    "new_subset_of_run4_ungated": true,
    "n_run4_cert_out_of_scope_refs": 120,
    "run4_cert_out_of_scope_sample": [
      "benchmarks.benchmarks.SegmentSuite.test_divide_complex",
      "rich.__init__.inspect",
      "rich.__init__.reconfigure",
      "rich.__main__.make_test_card",
      "rich._fileno.get_fileno",
      "rich._inspect.is_object_one_of_types",
      "rich._loop.loop_first",
      "rich._loop.loop_first_last",
      "rich._loop.loop_last",
      "rich._null_file.NullFile.writable"
    ],
    "n_run4_cert_blocked_only_by_string": 3,
    "n_run4_ungated_false_positives": 171,
    "n_run4_gated_certified": 0,
    "n_certified_only_by_new_rule": 27,
    "oracle_ran": false,
    "harness_score_v4": null,
    "score_withheld_reason": "the structural term is defined against a dynamic oracle, and the oracle executes code. It is deliberately not run on a third-party tarball, so no harness_score is emitted for real repositories. The gated dead term and the certification counts ARE emitted, because they are trace-free.",
    "ground_truth_checked": false,
    "ground_truth_note": "no ground truth exists for a real repository, so the real-repo rows carry NO accuracy claim; the soundness claim is the proof in src/04_symbol_domain.py, and it is falsified or confirmed on synthetic_taint_repo where the truth is written down"
  }
]