[
  {
    "variation": "n9_export_boundary",
    "repo": "synthetic_bad_repo",
    "files_analysis": 4,
    "files_corpus": 4,
    "metric_def": "unreferenced-domain-v4",
    "max_metric": 80,
    "corpus_meta": {
      "n_py_in_artefact": 4,
      "n_analysis": 4,
      "n_corpus": 4,
      "basename_collisions": [],
      "max_files_cap": 4000
    },
    "run4_precondition_ok": true,
    "run4_n_certified": 1,
    "run4_certified": [
      "repo.UserRepo.dead_method"
    ],
    "corpus_complete": false,
    "n_predicted_dead": 1,
    "n_certified": 1,
    "certification_rate": 1.0,
    "dead_certified": [
      "repo.UserRepo.dead_method"
    ],
    "n_blocked": 0,
    "n_blocked_by_string_only": 0,
    "dead_blocked_by_string_only": [],
    "n_complex_sites": 0,
    "cpg_resolution_rate": 0.6667,
    "cpg_parse_errors": [
      "broken"
    ],
    "n_parse_errors": 1,
    "peak_ram_mb": 24.53,
    "token_cost_usd": 0.0,
    "elapsed_s": 0.0,
    "run4_term_v3": 1.0,
    "unreferenced_term": 0.0,
    "unreferenced_term_refused_reason": "corpus_incomplete",
    "new_subset_of_run4_ungated": true,
    "n_run4_cert_out_of_scope_refs": 0,
    "run4_cert_out_of_scope_sample": [],
    "n_run4_cert_blocked_only_by_string": 0,
    "n_run4_ungated_false_positives": null,
    "n_run4_gated_certified": 1,
    "n_certified_only_by_new_rule": 0,
    "status": "unvalidated",
    "reason": "oracle observed no dispatches; structural term undefined",
    "oracle_ran": false,
    "harness_score_v4": null,
    "struct_precision_dyn": null,
    "struct_recall_dyn": null,
    "metric_def_note": "UNCHANGED. N9 changes no scored term and, as measured below, no certified symbol. The export-boundary work is unscored reporting; max_metric stays 80 with the same denominator as runs 4 and 5.",
    "n_star_import_sites": 0,
    "n_star_target_modules": 0,
    "n_unresolved_star_imports": 0,
    "n_modules_with_dunder_all": 1,
    "star_exposed_dead": [],
    "closure_changed_run5": [],
    "star_closure_is_noop": true,
    "n_withheld_external_driver": 0,
    "withheld_external_driver": [],
    "external_driver_reasons": {},
    "withheld_by_toplevel_dir": {},
    "external_driver_adjudication": "NOT executed. The driver (pytest, pytest-benchmark, CI) was not run, so these are withheld as externally-driven, not counted as measured false positives.",
    "n_certified_run5": 1,
    "n_certified_closed": 1,
    "n_certified_per_module_UNSOUND": 0,
    "per_module_extra_vs_global": [],
    "n_publicly_exported": 0,
    "n_externally_driven_bucket": 0,
    "n_blocked_by_mention": 0,
    "blocker_reasons": {
      "dunder_all_declared": 0,
      "cross_module_collision": 1,
      "string_literal_only": 0,
      "internal_reference": 0,
      "unknown": 0
    },
    "certified_by_toplevel_dir": {
      "repo": 1
    },
    "n_certified_run5_by_toplevel_dir": {
      "repo": 1
    },
    "certified_dead": [
      "repo.UserRepo.dead_method"
    ],
    "publicly_exported": [],
    "bucket_partition_is_exact": true,
    "blocked_sample": [],
    "name_to_dispatch_lemma": "A star import creates a BINDING to m.n that spells n nowhere, but every way of dispatching through a binding names it: Name and attribute lookups both spell the leaf, a subscript spells it as a key or computes it, and the only nameless route is reflection over vars()/dir(), which is the already-named runtime-assembly ceiling. So occ[leaf(s)] == 1 is still a sound certificate.",
    "harness_score_identical_to_run7": true,
    "scored_term_unchanged": true,
    "certified_set_identical_to_run7": true,
    "certified_removed_by_repair": [],
    "ground_truth_checked": false
  },
  {
    "variation": "n9_export_boundary",
    "repo": "synthetic_cpg_repo",
    "files_analysis": 4,
    "files_corpus": 4,
    "metric_def": "unreferenced-domain-v4",
    "max_metric": 80,
    "corpus_meta": {
      "n_py_in_artefact": 4,
      "n_analysis": 4,
      "n_corpus": 4,
      "basename_collisions": [],
      "max_files_cap": 4000
    },
    "run4_precondition_ok": true,
    "run4_n_certified": 1,
    "run4_certified": [
      "repo.UserRepo.dead_method"
    ],
    "corpus_complete": false,
    "n_predicted_dead": 3,
    "n_certified": 1,
    "certification_rate": 0.3333,
    "dead_certified": [
      "repo.UserRepo.dead_method"
    ],
    "n_blocked": 2,
    "n_blocked_by_string_only": 0,
    "dead_blocked_by_string_only": [],
    "n_complex_sites": 0,
    "cpg_resolution_rate": 0.5,
    "cpg_parse_errors": [
      "broken"
    ],
    "n_parse_errors": 1,
    "peak_ram_mb": 24.53,
    "token_cost_usd": 0.0,
    "elapsed_s": 0.0,
    "run4_term_v3": 1.0,
    "unreferenced_term": 0.0,
    "unreferenced_term_refused_reason": "corpus_incomplete",
    "new_subset_of_run4_ungated": true,
    "n_run4_cert_out_of_scope_refs": 0,
    "run4_cert_out_of_scope_sample": [],
    "n_run4_cert_blocked_only_by_string": 0,
    "n_run4_ungated_false_positives": null,
    "n_run4_gated_certified": 1,
    "n_certified_only_by_new_rule": 0,
    "oracle_ran": true,
    "struct_precision_dyn": 1.0,
    "struct_recall_dyn": 0.5,
    "blast_symbols": 3,
    "blast_latency_ms": 0.52,
    "harness_score_v4": 79.52,
    "dead_term_scored": false,
    "ground_truth_checked": false,
    "ground_truth_note": "no ground truth exists for a real repository, so the real-repo rows carry NO accuracy claim; the soundness claim is the proof in src/04_symbol_domain.py, and it is falsified or confirmed on synthetic_taint_repo where the truth is written down",
    "metric_def_note": "UNCHANGED. N9 changes no scored term and, as measured below, no certified symbol. The export-boundary work is unscored reporting; max_metric stays 80 with the same denominator as runs 4 and 5.",
    "n_star_import_sites": 0,
    "n_star_target_modules": 0,
    "n_unresolved_star_imports": 0,
    "n_modules_with_dunder_all": 1,
    "star_exposed_dead": [],
    "closure_changed_run5": [],
    "star_closure_is_noop": true,
    "n_withheld_external_driver": 0,
    "withheld_external_driver": [],
    "external_driver_reasons": {},
    "withheld_by_toplevel_dir": {},
    "external_driver_adjudication": "NOT executed. The driver (pytest, pytest-benchmark, CI) was not run, so these are withheld as externally-driven, not counted as measured false positives.",
    "n_certified_run5": 1,
    "n_certified_closed": 1,
    "n_certified_per_module_UNSOUND": 0,
    "per_module_extra_vs_global": [],
    "n_publicly_exported": 0,
    "n_externally_driven_bucket": 0,
    "n_blocked_by_mention": 2,
    "blocker_reasons": {
      "dunder_all_declared": 0,
      "cross_module_collision": 3,
      "string_literal_only": 0,
      "internal_reference": 0,
      "unknown": 0
    },
    "certified_by_toplevel_dir": {
      "repo": 1
    },
    "n_certified_run5_by_toplevel_dir": {
      "repo": 1
    },
    "certified_dead": [
      "repo.UserRepo.dead_method"
    ],
    "publicly_exported": [],
    "bucket_partition_is_exact": true,
    "blocked_sample": [
      "db.Session.close",
      "db.Session.query"
    ],
    "name_to_dispatch_lemma": "A star import creates a BINDING to m.n that spells n nowhere, but every way of dispatching through a binding names it: Name and attribute lookups both spell the leaf, a subscript spells it as a key or computes it, and the only nameless route is reflection over vars()/dir(), which is the already-named runtime-assembly ceiling. So occ[leaf(s)] == 1 is still a sound certificate.",
    "harness_score_identical_to_run7": true,
    "scored_term_unchanged": true,
    "certified_set_identical_to_run7": true,
    "certified_removed_by_repair": []
  },
  {
    "variation": "n9_export_boundary",
    "repo": "synthetic_promo_repo",
    "files_analysis": 8,
    "files_corpus": 8,
    "metric_def": "unreferenced-domain-v4",
    "max_metric": 80,
    "corpus_meta": {
      "n_py_in_artefact": 8,
      "n_analysis": 8,
      "n_corpus": 8,
      "basename_collisions": [],
      "max_files_cap": 4000
    },
    "run4_precondition_ok": true,
    "run4_n_certified": 1,
    "run4_certified": [
      "cache.Cache.stale"
    ],
    "corpus_complete": true,
    "n_predicted_dead": 5,
    "n_certified": 1,
    "certification_rate": 0.2,
    "dead_certified": [
      "cache.Cache.stale"
    ],
    "n_blocked": 4,
    "n_blocked_by_string_only": 0,
    "dead_blocked_by_string_only": [],
    "n_complex_sites": 0,
    "cpg_resolution_rate": 0.4545,
    "cpg_parse_errors": [],
    "n_parse_errors": 0,
    "peak_ram_mb": 24.66,
    "token_cost_usd": 0.0,
    "elapsed_s": 0.0,
    "run4_term_v3": 1.0,
    "unreferenced_term": 1.0,
    "unreferenced_term_refused_reason": null,
    "new_subset_of_run4_ungated": true,
    "n_run4_cert_out_of_scope_refs": 0,
    "run4_cert_out_of_scope_sample": [],
    "n_run4_cert_blocked_only_by_string": 0,
    "n_run4_ungated_false_positives": 0,
    "n_run4_gated_certified": 1,
    "n_certified_only_by_new_rule": 0,
    "oracle_ran": true,
    "struct_precision_dyn": 1.0,
    "struct_recall_dyn": 0.4545,
    "blast_symbols": 8,
    "blast_latency_ms": 0.51,
    "harness_score_v4": 79.52,
    "dead_term_scored": false,
    "ground_truth_checked": false,
    "ground_truth_note": "no ground truth exists for a real repository, so the real-repo rows carry NO accuracy claim; the soundness claim is the proof in src/04_symbol_domain.py, and it is falsified or confirmed on synthetic_taint_repo where the truth is written down",
    "metric_def_note": "UNCHANGED. N9 changes no scored term and, as measured below, no certified symbol. The export-boundary work is unscored reporting; max_metric stays 80 with the same denominator as runs 4 and 5.",
    "n_star_import_sites": 0,
    "n_star_target_modules": 0,
    "n_unresolved_star_imports": 0,
    "n_modules_with_dunder_all": 0,
    "star_exposed_dead": [],
    "closure_changed_run5": [],
    "star_closure_is_noop": true,
    "n_withheld_external_driver": 0,
    "withheld_external_driver": [],
    "external_driver_reasons": {},
    "withheld_by_toplevel_dir": {},
    "external_driver_adjudication": "NOT executed. The driver (pytest, pytest-benchmark, CI) was not run, so these are withheld as externally-driven, not counted as measured false positives.",
    "n_certified_run5": 1,
    "n_certified_closed": 1,
    "n_certified_per_module_UNSOUND": 0,
    "per_module_extra_vs_global": [],
    "n_publicly_exported": 0,
    "n_externally_driven_bucket": 0,
    "n_blocked_by_mention": 4,
    "blocker_reasons": {
      "dunder_all_declared": 0,
      "cross_module_collision": 5,
      "string_literal_only": 0,
      "internal_reference": 0,
      "unknown": 0
    },
    "certified_by_toplevel_dir": {
      "cache": 1
    },
    "n_certified_run5_by_toplevel_dir": {
      "cache": 1
    },
    "certified_dead": [
      "cache.Cache.stale"
    ],
    "publicly_exported": [],
    "bucket_partition_is_exact": true,
    "blocked_sample": [
      "cache.Cache.load",
      "store.Store.close",
      "store.Store.commit",
      "store.Store.query"
    ],
    "name_to_dispatch_lemma": "A star import creates a BINDING to m.n that spells n nowhere, but every way of dispatching through a binding names it: Name and attribute lookups both spell the leaf, a subscript spells it as a key or computes it, and the only nameless route is reflection over vars()/dir(), which is the already-named runtime-assembly ceiling. So occ[leaf(s)] == 1 is still a sound certificate.",
    "harness_score_identical_to_run7": true,
    "scored_term_unchanged": true,
    "certified_set_identical_to_run7": true,
    "certified_removed_by_repair": []
  },
  {
    "variation": "n9_export_boundary",
    "repo": "synthetic_taint_repo",
    "files_analysis": 2,
    "files_corpus": 3,
    "metric_def": "unreferenced-domain-v4",
    "max_metric": 80,
    "corpus_meta": {
      "n_py_in_artefact": 3,
      "n_analysis": 2,
      "n_corpus": 3,
      "basename_collisions": [],
      "max_files_cap": 4000
    },
    "run4_precondition_ok": false,
    "run4_n_certified": 4,
    "run4_certified": [
      "alpha._alpha_dead",
      "alpha._alpha_via_string",
      "beta._beta_dead",
      "beta._beta_live_from_test"
    ],
    "corpus_complete": true,
    "n_predicted_dead": 4,
    "n_certified": 2,
    "certification_rate": 0.5,
    "dead_certified": [
      "alpha._alpha_dead",
      "beta._beta_dead"
    ],
    "n_blocked": 2,
    "n_blocked_by_string_only": 1,
    "dead_blocked_by_string_only": [
      "alpha._alpha_via_string"
    ],
    "n_complex_sites": 2,
    "cpg_resolution_rate": 0.3333,
    "cpg_parse_errors": [],
    "n_parse_errors": 0,
    "peak_ram_mb": 24.66,
    "token_cost_usd": 0.0,
    "elapsed_s": 0.0,
    "run4_term_v3": 0.0,
    "unreferenced_term": 1.0,
    "unreferenced_term_refused_reason": null,
    "new_subset_of_run4_ungated": true,
    "n_run4_cert_out_of_scope_refs": 1,
    "run4_cert_out_of_scope_sample": [
      "beta._beta_live_from_test"
    ],
    "n_run4_cert_blocked_only_by_string": 0,
    "n_run4_ungated_false_positives": 2,
    "n_run4_gated_certified": 0,
    "n_certified_only_by_new_rule": 2,
    "oracle_ran": true,
    "struct_precision_dyn": 1.0,
    "struct_recall_dyn": 0.5,
    "blast_symbols": 2,
    "blast_latency_ms": 0.5,
    "harness_score_v4": 79.52,
    "dead_term_scored": false,
    "ground_truth_dead": [
      "alpha._alpha_dead",
      "beta._beta_dead"
    ],
    "false_positives": [],
    "false_negatives": [],
    "precision_vs_truth": 1.0,
    "recall_vs_truth": 1.0,
    "run4_false_positives": [
      "alpha._alpha_via_string",
      "beta._beta_live_from_test"
    ],
    "ground_truth_checked": false,
    "metric_def_note": "UNCHANGED. N9 changes no scored term and, as measured below, no certified symbol. The export-boundary work is unscored reporting; max_metric stays 80 with the same denominator as runs 4 and 5.",
    "n_star_import_sites": 0,
    "n_star_target_modules": 0,
    "n_unresolved_star_imports": 0,
    "n_modules_with_dunder_all": 0,
    "star_exposed_dead": [],
    "closure_changed_run5": [],
    "star_closure_is_noop": true,
    "n_withheld_external_driver": 0,
    "withheld_external_driver": [],
    "external_driver_reasons": {},
    "withheld_by_toplevel_dir": {},
    "external_driver_adjudication": "NOT executed. The driver (pytest, pytest-benchmark, CI) was not run, so these are withheld as externally-driven, not counted as measured false positives.",
    "n_certified_run5": 2,
    "n_certified_closed": 2,
    "n_certified_per_module_UNSOUND": 3,
    "per_module_extra_vs_global": [
      "beta._beta_live_from_test"
    ],
    "n_publicly_exported": 0,
    "n_externally_driven_bucket": 0,
    "n_blocked_by_mention": 2,
    "blocker_reasons": {
      "dunder_all_declared": 0,
      "cross_module_collision": 1,
      "string_literal_only": 3,
      "internal_reference": 0,
      "unknown": 0
    },
    "certified_by_toplevel_dir": {
      "alpha": 1,
      "beta": 1
    },
    "n_certified_run5_by_toplevel_dir": {
      "alpha": 1,
      "beta": 1
    },
    "certified_dead": [
      "alpha._alpha_dead",
      "beta._beta_dead"
    ],
    "publicly_exported": [],
    "bucket_partition_is_exact": true,
    "blocked_sample": [
      "alpha._alpha_via_string",
      "beta._beta_live_from_test"
    ],
    "name_to_dispatch_lemma": "A star import creates a BINDING to m.n that spells n nowhere, but every way of dispatching through a binding names it: Name and attribute lookups both spell the leaf, a subscript spells it as a key or computes it, and the only nameless route is reflection over vars()/dir(), which is the already-named runtime-assembly ceiling. So occ[leaf(s)] == 1 is still a sound certificate.",
    "harness_score_identical_to_run7": true,
    "scored_term_unchanged": true,
    "certified_set_identical_to_run7": true,
    "certified_removed_by_repair": []
  },
  {
    "variation": "n9_export_boundary",
    "repo": "synthetic_exports_repo",
    "files_analysis": 7,
    "files_corpus": 7,
    "metric_def": "unreferenced-domain-v4",
    "max_metric": 80,
    "corpus_meta": {
      "n_py_in_artefact": 7,
      "n_analysis": 7,
      "n_corpus": 7,
      "basename_collisions": [],
      "max_files_cap": 4000
    },
    "run4_precondition_ok": true,
    "run4_n_certified": 5,
    "run4_certified": [
      "lib.api.exported_never_called",
      "lib.core._core_dead",
      "lib.extra.twin_dead",
      "lib.legacy._legacy_private",
      "other.other.twin"
    ],
    "corpus_complete": true,
    "n_predicted_dead": 7,
    "n_certified": 3,
    "certification_rate": 0.4286,
    "dead_certified": [
      "lib.core._core_dead",
      "lib.extra.twin_dead",
      "lib.legacy._legacy_private"
    ],
    "n_blocked": 4,
    "n_blocked_by_string_only": 1,
    "dead_blocked_by_string_only": [
      "lib.api.exported_never_called"
    ],
    "n_complex_sites": 0,
    "cpg_resolution_rate": 0.5,
    "cpg_parse_errors": [],
    "n_parse_errors": 0,
    "peak_ram_mb": 24.66,
    "token_cost_usd": 0.0,
    "elapsed_s": 0.0,
    "run4_term_v3": 1.0,
    "unreferenced_term": 1.0,
    "unreferenced_term_refused_reason": null,
    "new_subset_of_run4_ungated": true,
    "n_run4_cert_out_of_scope_refs": 0,
    "run4_cert_out_of_scope_sample": [],
    "n_run4_cert_blocked_only_by_string": 0,
    "n_run4_ungated_false_positives": 2,
    "n_run4_gated_certified": 5,
    "n_certified_only_by_new_rule": 0,
    "status": "unvalidated",
    "reason": "oracle observed no dispatches; structural term undefined",
    "oracle_ran": false,
    "harness_score_v4": null,
    "struct_precision_dyn": null,
    "struct_recall_dyn": null,
    "metric_def_note": "UNCHANGED. N9 changes no scored term and, as measured below, no certified symbol. The export-boundary work is unscored reporting; max_metric stays 80 with the same denominator as runs 4 and 5.",
    "n_star_import_sites": 2,
    "n_star_target_modules": 2,
    "n_unresolved_star_imports": 0,
    "n_modules_with_dunder_all": 3,
    "star_exposed_dead": [
      "lib.core.public_api",
      "lib.legacy.legacy_star_target"
    ],
    "closure_changed_run5": [],
    "star_closure_is_noop": true,
    "n_withheld_external_driver": 0,
    "withheld_external_driver": [],
    "external_driver_reasons": {},
    "withheld_by_toplevel_dir": {},
    "external_driver_adjudication": "NOT executed. The driver (pytest, pytest-benchmark, CI) was not run, so these are withheld as externally-driven, not counted as measured false positives.",
    "n_certified_run5": 3,
    "n_certified_closed": 3,
    "n_certified_per_module_UNSOUND": 5,
    "per_module_extra_vs_global": [
      "lib.legacy.legacy_star_target",
      "other.other.twin"
    ],
    "n_publicly_exported": 3,
    "n_externally_driven_bucket": 0,
    "n_blocked_by_mention": 1,
    "blocker_reasons": {
      "dunder_all_declared": 3,
      "cross_module_collision": 1,
      "string_literal_only": 3,
      "internal_reference": 0,
      "unknown": 0
    },
    "certified_by_toplevel_dir": {
      "lib": 3
    },
    "n_certified_run5_by_toplevel_dir": {
      "lib": 3
    },
    "certified_dead": [
      "lib.core._core_dead",
      "lib.extra.twin_dead",
      "lib.legacy._legacy_private"
    ],
    "publicly_exported": [
      "lib.api.exported_never_called",
      "lib.core.public_api",
      "lib.legacy.legacy_star_target"
    ],
    "bucket_partition_is_exact": true,
    "blocked_sample": [
      "other.other.twin"
    ],
    "name_to_dispatch_lemma": "A star import creates a BINDING to m.n that spells n nowhere, but every way of dispatching through a binding names it: Name and attribute lookups both spell the leaf, a subscript spells it as a key or computes it, and the only nameless route is reflection over vars()/dir(), which is the already-named runtime-assembly ceiling. So occ[leaf(s)] == 1 is still a sound certificate.",
    "harness_score_identical_to_run7": true,
    "scored_term_unchanged": true,
    "certified_set_identical_to_run7": true,
    "certified_removed_by_repair": [],
    "ground_truth_dead": [
      "lib.core._core_dead",
      "lib.extra.twin_dead",
      "lib.legacy._legacy_private",
      "other.other.twin"
    ],
    "ground_truth_checked": true,
    "dead_term_validated": true,
    "h1_star_only_false_positive": [],
    "h1_refuted": true,
    "h2_per_module_false_positives": [
      "lib.legacy.legacy_star_target"
    ],
    "h2_per_module_recovers": [
      "lib.core._core_dead",
      "lib.extra.twin_dead",
      "lib.legacy._legacy_private",
      "other.other.twin"
    ],
    "global_precision_vs_truth": 1.0,
    "global_recall_vs_truth": 0.75,
    "global_false_positives": [],
    "global_false_negatives": [
      "other.other.twin"
    ],
    "per_module_precision_vs_truth": 0.8,
    "per_module_recall_vs_truth": 1.0,
    "per_module_false_positives": [
      "lib.legacy.legacy_star_target"
    ],
    "per_module_false_negatives": [],
    "h3_direction_claim": "N9 predicted reclassifying __all__ blockers would RAISE the certified count. certified_dead is a subset of run 5's set by construction (an export witness can only withhold), so the predicted direction is impossible. Measured: n_certified_run5 3 -> n_certified_closed 3."
  },
  {
    "variation": "n9_export_boundary",
    "repo": "pallets/flask",
    "files_analysis": 24,
    "files_corpus": 83,
    "metric_def": "unreferenced-domain-v4",
    "max_metric": 80,
    "corpus_meta": {
      "n_py_in_artefact": 83,
      "n_analysis": 24,
      "n_corpus": 83,
      "oversize_files": 0,
      "basename_collisions": {
        "__init__": [
          "src.flask.__init__",
          "src.flask.json.__init__"
        ],
        "app": [
          "src.flask.app",
          "src.flask.sansio.app"
        ],
        "blueprints": [
          "src.flask.blueprints",
          "src.flask.sansio.blueprints"
        ]
      },
      "n_files_dropped_by_basename_keying": 3,
      "max_files_cap": 4000
    },
    "run4_precondition_ok": false,
    "run4_n_certified": 111,
    "run4_certified": [
      "src.flask.app.Flask.create_jinja_environment",
      "src.flask.app.Flask.open_instance_resource",
      "src.flask.app.Flask.open_resource",
      "src.flask.app.Flask.run",
      "src.flask.app.Flask.test_cli_runner",
      "src.flask.app.Flask.test_client",
      "src.flask.app._make_timedelta",
      "src.flask.blueprints.Blueprint.open_resource",
      "src.flask.cli.CertParamType.convert",
      "src.flask.cli.SeparatedPathType.convert"
    ],
    "corpus_complete": true,
    "n_predicted_dead": 204,
    "n_certified": 4,
    "certification_rate": 0.0196,
    "dead_certified": [
      "src.flask.app.Flask.open_instance_resource",
      "src.flask.cli._path_is_ancestor",
      "src.flask.sansio.app.App.shell_context_processor",
      "src.flask.testing.EnvironBuilder.json_dumps"
    ],
    "n_blocked": 200,
    "n_blocked_by_string_only": 1,
    "dead_blocked_by_string_only": [
      "src.flask.sansio.scaffold.Scaffold.patch"
    ],
    "n_complex_sites": 15,
    "cpg_resolution_rate": 0.274,
    "cpg_parse_errors": [],
    "n_parse_errors": 0,
    "peak_ram_mb": 33.93,
    "token_cost_usd": 0.0,
    "elapsed_s": 0.39,
    "run4_term_v3": 0.0,
    "unreferenced_term": 1.0,
    "unreferenced_term_refused_reason": null,
    "new_subset_of_run4_ungated": true,
    "n_run4_cert_out_of_scope_refs": 80,
    "run4_cert_out_of_scope_sample": [
      "src.flask.app.Flask.open_resource",
      "src.flask.app.Flask.run",
      "src.flask.app.Flask.test_cli_runner",
      "src.flask.app.Flask.test_client",
      "src.flask.blueprints.Blueprint.open_resource",
      "src.flask.cli.get_version",
      "src.flask.cli.run_command",
      "src.flask.config.Config.from_envvar",
      "src.flask.config.Config.from_file",
      "src.flask.config.Config.from_prefixed_env"
    ],
    "n_run4_cert_blocked_only_by_string": 1,
    "n_run4_ungated_false_positives": 107,
    "n_run4_gated_certified": 0,
    "n_certified_only_by_new_rule": 4,
    "oracle_ran": false,
    "harness_score_v4": null,
    "score_withheld_reason": "the structural term is defined against a dynamic oracle, and the oracle executes code. It is deliberately not run on a third-party tarball, so no harness_score is emitted for real repositories. The gated dead term and the certification counts ARE emitted, because they are trace-free.",
    "ground_truth_checked": false,
    "ground_truth_note": "no ground truth exists for a real repository, so the real-repo rows carry NO accuracy claim; the soundness claim is the proof in src/04_symbol_domain.py, and it is falsified or confirmed on synthetic_taint_repo where the truth is written down",
    "metric_def_note": "UNCHANGED. N9 changes no scored term and, as measured below, no certified symbol. The export-boundary work is unscored reporting; max_metric stays 80 with the same denominator as runs 4 and 5.",
    "n_star_import_sites": 0,
    "n_star_target_modules": 0,
    "n_unresolved_star_imports": 0,
    "n_modules_with_dunder_all": 0,
    "star_exposed_dead": [],
    "closure_changed_run5": [],
    "star_closure_is_noop": true,
    "n_withheld_external_driver": 3,
    "withheld_external_driver": [
      "src.flask.app.Flask.test_cli_runner",
      "src.flask.app.Flask.test_client",
      "src.flask.app.Flask.test_request_context"
    ],
    "external_driver_reasons": {
      "name_convention": 3
    },
    "withheld_by_toplevel_dir": {
      "src": 3
    },
    "external_driver_adjudication": "NOT executed. The driver (pytest, pytest-benchmark, CI) was not run, so these are withheld as externally-driven, not counted as measured false positives.",
    "n_certified_run5": 4,
    "n_certified_closed": 4,
    "n_certified_per_module_UNSOUND": 23,
    "per_module_extra_vs_global": [
      "src.flask.app._make_timedelta",
      "src.flask.ctx.after_this_request",
      "src.flask.ctx.copy_current_request_context",
      "src.flask.ctx.has_app_context",
      "src.flask.ctx.has_request_context",
      "src.flask.debughelpers.attach_enctype_error_multidict",
      "src.flask.debughelpers.explain_template_loading_attempts",
      "src.flask.helpers.flash",
      "src.flask.helpers.get_debug_flag",
      "src.flask.helpers.get_flashed_messages",
      "src.flask.helpers.get_load_dotenv",
      "src.flask.helpers.get_root_path",
      "src.flask.helpers.get_template_attribute",
      "src.flask.json.__init__.jsonify",
      "src.flask.logging.create_logger",
      "src.flask.sansio.scaffold._endpoint_from_view_func",
      "src.flask.sansio.scaffold.find_package",
      "src.flask.templating._default_template_ctx_processor",
      "src.flask.templating.render_template",
      "src.flask.templating.render_template_string",
      "src.flask.templating.stream_template",
      "src.flask.templating.stream_template_string"
    ],
    "n_publicly_exported": 0,
    "n_externally_driven_bucket": 3,
    "n_blocked_by_mention": 197,
    "blocker_reasons": {
      "dunder_all_declared": 0,
      "cross_module_collision": 196,
      "string_literal_only": 1,
      "internal_reference": 7,
      "unknown": 0
    },
    "certified_by_toplevel_dir": {
      "src": 4
    },
    "n_certified_run5_by_toplevel_dir": {
      "src": 4
    },
    "certified_dead": [
      "src.flask.app.Flask.open_instance_resource",
      "src.flask.cli._path_is_ancestor",
      "src.flask.sansio.app.App.shell_context_processor",
      "src.flask.testing.EnvironBuilder.json_dumps"
    ],
    "publicly_exported": [],
    "bucket_partition_is_exact": true,
    "blocked_sample": [
      "src.flask.app.Flask.app_context",
      "src.flask.app.Flask.create_jinja_environment",
      "src.flask.app.Flask.do_teardown_appcontext",
      "src.flask.app.Flask.do_teardown_request",
      "src.flask.app.Flask.make_shell_context",
      "src.flask.app.Flask.open_resource",
      "src.flask.app.Flask.run",
      "src.flask.app.Flask.send_static_file",
      "src.flask.app.Flask.update_template_context",
      "src.flask.app.Flask.url_for",
      "src.flask.app._make_timedelta",
      "src.flask.blueprints.Blueprint.open_resource"
    ],
    "name_to_dispatch_lemma": "A star import creates a BINDING to m.n that spells n nowhere, but every way of dispatching through a binding names it: Name and attribute lookups both spell the leaf, a subscript spells it as a key or computes it, and the only nameless route is reflection over vars()/dir(), which is the already-named runtime-assembly ceiling. So occ[leaf(s)] == 1 is still a sound certificate.",
    "harness_score_identical_to_run7": true,
    "scored_term_unchanged": true,
    "certified_set_identical_to_run7": true,
    "certified_removed_by_repair": []
  },
  {
    "variation": "n9_export_boundary",
    "repo": "psf/requests",
    "files_analysis": 20,
    "files_corpus": 37,
    "metric_def": "unreferenced-domain-v4",
    "max_metric": 80,
    "corpus_meta": {
      "n_py_in_artefact": 37,
      "n_analysis": 20,
      "n_corpus": 37,
      "oversize_files": 0,
      "basename_collisions": {},
      "n_files_dropped_by_basename_keying": 0,
      "max_files_cap": 4000
    },
    "run4_precondition_ok": false,
    "run4_n_certified": 84,
    "run4_certified": [
      "src.requests.__init__._check_cryptography",
      "src.requests.__init__.check_compatibility",
      "src.requests._internal_utils.to_native_string",
      "src.requests._internal_utils.unicode_is_ascii",
      "src.requests._types.is_prepared",
      "src.requests.adapters.HTTPAdapter.get_connection",
      "src.requests.api.delete",
      "src.requests.api.head",
      "src.requests.api.options",
      "src.requests.api.patch"
    ],
    "corpus_complete": true,
    "n_predicted_dead": 110,
    "n_certified": 22,
    "certification_rate": 0.2,
    "dead_certified": [
      "src.requests.adapters.HTTPAdapter.get_connection",
      "src.requests.cookies.MockRequest.add_header",
      "src.requests.cookies.MockRequest.add_unredirected_header",
      "src.requests.cookies.MockRequest.get_full_url",
      "src.requests.cookies.MockRequest.get_header",
      "src.requests.cookies.MockRequest.get_type",
      "src.requests.cookies.MockRequest.has_header",
      "src.requests.cookies.MockRequest.origin_req_host",
      "src.requests.cookies.MockRequest.unverifiable",
      "src.requests.cookies.RequestsCookieJar._find"
    ],
    "n_blocked": 88,
    "n_blocked_by_string_only": 0,
    "dead_blocked_by_string_only": [],
    "n_complex_sites": 1,
    "cpg_resolution_rate": 0.4885,
    "cpg_parse_errors": [],
    "n_parse_errors": 0,
    "peak_ram_mb": 38.35,
    "token_cost_usd": 0.0,
    "elapsed_s": 0.28,
    "run4_term_v3": 0.0,
    "unreferenced_term": 1.0,
    "unreferenced_term_refused_reason": null,
    "new_subset_of_run4_ungated": true,
    "n_run4_cert_out_of_scope_refs": 43,
    "run4_cert_out_of_scope_sample": [
      "src.requests._internal_utils.to_native_string",
      "src.requests._internal_utils.unicode_is_ascii",
      "src.requests.api.delete",
      "src.requests.api.head",
      "src.requests.api.patch",
      "src.requests.api.post",
      "src.requests.api.put",
      "src.requests.cookies.MockRequest.host",
      "src.requests.cookies.MockResponse.info",
      "src.requests.cookies.RequestsCookieJar.keys"
    ],
    "n_run4_cert_blocked_only_by_string": 0,
    "n_run4_ungated_false_positives": 62,
    "n_run4_gated_certified": 0,
    "n_certified_only_by_new_rule": 22,
    "oracle_ran": false,
    "harness_score_v4": null,
    "score_withheld_reason": "the structural term is defined against a dynamic oracle, and the oracle executes code. It is deliberately not run on a third-party tarball, so no harness_score is emitted for real repositories. The gated dead term and the certification counts ARE emitted, because they are trace-free.",
    "ground_truth_checked": false,
    "ground_truth_note": "no ground truth exists for a real repository, so the real-repo rows carry NO accuracy claim; the soundness claim is the proof in src/04_symbol_domain.py, and it is falsified or confirmed on synthetic_taint_repo where the truth is written down",
    "metric_def_note": "UNCHANGED. N9 changes no scored term and, as measured below, no certified symbol. The export-boundary work is unscored reporting; max_metric stays 80 with the same denominator as runs 4 and 5.",
    "n_star_import_sites": 0,
    "n_star_target_modules": 0,
    "n_unresolved_star_imports": 0,
    "n_modules_with_dunder_all": 1,
    "star_exposed_dead": [],
    "closure_changed_run5": [],
    "star_closure_is_noop": true,
    "n_withheld_external_driver": 0,
    "withheld_external_driver": [],
    "external_driver_reasons": {},
    "withheld_by_toplevel_dir": {},
    "external_driver_adjudication": "NOT executed. The driver (pytest, pytest-benchmark, CI) was not run, so these are withheld as externally-driven, not counted as measured false positives.",
    "n_certified_run5": 22,
    "n_certified_closed": 22,
    "n_certified_per_module_UNSOUND": 36,
    "per_module_extra_vs_global": [
      "src.requests._internal_utils.to_native_string",
      "src.requests._internal_utils.unicode_is_ascii",
      "src.requests._types.has_read",
      "src.requests._types.is_prepared",
      "src.requests.cookies._copy_cookie_jar",
      "src.requests.cookies.extract_cookies_to_jar",
      "src.requests.cookies.get_cookie_header",
      "src.requests.cookies.merge_cookies",
      "src.requests.hooks.default_hooks",
      "src.requests.hooks.dispatch_hook",
      "src.requests.sessions.session",
      "src.requests.utils.add_dict_to_cookiejar",
      "src.requests.utils.check_header_validity",
      "src.requests.utils.default_headers",
      "src.requests.utils.extract_zipped_paths",
      "src.requests.utils.get_auth_from_url",
      "src.requests.utils.get_encodings_from_content",
      "src.requests.utils.get_netrc_auth",
      "src.requests.utils.guess_filename",
      "src.requests.utils.guess_json_utf",
      "src.requests.utils.parse_dict_header",
      "src.requests.utils.parse_header_links",
      "src.requests.utils.prepend_scheme_if_needed",
      "src.requests.utils.requote_uri",
      "src.requests.utils.resolve_proxies",
      "src.requests.utils.rewind_body",
      "src.requests.utils.select_proxy",
      "src.requests.utils.stream_decode_response_unicode",
      "src.requests.utils.super_len",
      "src.requests.utils.urldefragauth"
    ],
    "n_publicly_exported": 0,
    "n_externally_driven_bucket": 0,
    "n_blocked_by_mention": 88,
    "blocker_reasons": {
      "dunder_all_declared": 0,
      "cross_module_collision": 99,
      "string_literal_only": 6,
      "internal_reference": 5,
      "unknown": 0
    },
    "certified_by_toplevel_dir": {
      "src": 22
    },
    "n_certified_run5_by_toplevel_dir": {
      "src": 22
    },
    "certified_dead": [
      "src.requests.adapters.HTTPAdapter.get_connection",
      "src.requests.cookies.MockRequest.add_header",
      "src.requests.cookies.MockRequest.add_unredirected_header",
      "src.requests.cookies.MockRequest.get_full_url",
      "src.requests.cookies.MockRequest.get_header",
      "src.requests.cookies.MockRequest.get_type",
      "src.requests.cookies.MockRequest.has_header",
      "src.requests.cookies.MockRequest.origin_req_host",
      "src.requests.cookies.MockRequest.unverifiable",
      "src.requests.cookies.RequestsCookieJar._find",
      "src.requests.cookies.RequestsCookieJar.get_dict",
      "src.requests.cookies.RequestsCookieJar.list_domains"
    ],
    "publicly_exported": [],
    "bucket_partition_is_exact": true,
    "blocked_sample": [
      "src.requests.__init__._check_cryptography",
      "src.requests.__init__.check_compatibility",
      "src.requests._internal_utils.to_native_string",
      "src.requests._internal_utils.unicode_is_ascii",
      "src.requests._types.SupportsItems.items",
      "src.requests._types.SupportsRead.read",
      "src.requests._types.has_read",
      "src.requests._types.is_prepared",
      "src.requests.adapters.BaseAdapter.close",
      "src.requests.adapters.BaseAdapter.send",
      "src.requests.adapters.HTTPAdapter.close",
      "src.requests.adapters.HTTPAdapter.send"
    ],
    "name_to_dispatch_lemma": "A star import creates a BINDING to m.n that spells n nowhere, but every way of dispatching through a binding names it: Name and attribute lookups both spell the leaf, a subscript spells it as a key or computes it, and the only nameless route is reflection over vars()/dir(), which is the already-named runtime-assembly ceiling. So occ[leaf(s)] == 1 is still a sound certificate.",
    "harness_score_identical_to_run7": true,
    "scored_term_unchanged": true,
    "certified_set_identical_to_run7": true,
    "certified_removed_by_repair": []
  },
  {
    "variation": "n9_export_boundary",
    "repo": "tiangolo/sqlmodel",
    "files_analysis": 171,
    "files_corpus": 333,
    "metric_def": "unreferenced-domain-v4",
    "max_metric": 80,
    "corpus_meta": {
      "n_py_in_artefact": 333,
      "n_analysis": 171,
      "n_corpus": 333,
      "oversize_files": 0,
      "basename_collisions": {
        "__init__": [
          "docs_src.__init__",
          "docs_src.advanced.__init__",
          "docs_src.advanced.datetime.__init__",
          "docs_src.advanced.decimal.__init__",
          "docs_src.advanced.uuid.__init__",
          "docs_src.tutorial.__init__",
          "docs_src.tutorial.automatic_id_none_refresh.__init__",
          "docs_src.tutorial.code_structure.__init__",
          "docs_src.tutorial.code_structure.tutorial001_py310.__init__",
          "docs_src.tutorial.code_structure.tutorial002_py310.__init__",
          "docs_src.tutorial.connect.__init__",
          "docs_src.tutorial.connect.create_tables.__init__",
          "docs_src.tutorial.connect.delete.__init__",
          "docs_src.tutorial.connect.insert.__init__",
          "docs_src.tutorial.connect.select.__init__",
          "docs_src.tutorial.connect.update.__init__",
          "docs_src.tutorial.create_db_and_table.__init__",
          "docs_src.tutorial.delete.__init__",
          "docs_src.tutorial.fastapi.__init__",
          "docs_src.tutorial.fastapi.app_testing.__init__",
          "docs_src.tutorial.fastapi.app_testing.tutorial001_py310.__init__",
          "docs_src.tutorial.fastapi.delete.__init__",
          "docs_src.tutorial.fastapi.limit_and_offset.__init__",
          "docs_src.tutorial.fastapi.multiple_models.__init__",
          "docs_src.tutorial.fastapi.read_one.__init__",
          "docs_src.tutorial.fastapi.relationships.__init__",
          "docs_src.tutorial.fastapi.response_model.__init__",
          "docs_src.tutorial.fastapi.session_with_dependency.__init__",
          "docs_src.tutorial.fastapi.simple_hero_api.__init__",
          "docs_src.tutorial.fastapi.teams.__init__",
          "docs_src.tutorial.fastapi.update.__init__",
          "docs_src.tutorial.indexes.__init__",
          "docs_src.tutorial.insert.__init__",
          "docs_src.tutorial.many_to_many.__init__",
          "docs_src.tutorial.offset_and_limit.__init__",
          "docs_src.tutorial.one.__init__",
          "docs_src.tutorial.relationship_attributes.__init__",
          "docs_src.tutorial.relationship_attributes.back_populates.__init__",
          "docs_src.tutorial.relationship_attributes.cascade_delete_relationships.__init__",
          "docs_src.tutorial.relationship_attributes.create_and_update_relationships.__init__",
          "docs_src.tutorial.relationship_attributes.define_relationship_attributes.__init__",
          "docs_src.tutorial.relationship_attributes.read_relationships.__init__",
          "docs_src.tutorial.select.__init__",
          "docs_src.tutorial.update.__init__",
          "docs_src.tutorial.where.__init__",
          "sqlmodel.__init__",
          "sqlmodel.ext.__init__",
          "sqlmodel.ext.asyncio.__init__",
          "sqlmodel.orm.__init__",
          "sqlmodel.pool.__init__",
          "sqlmodel.sql.__init__"
        ],
        "tutorial001_py310": [
          "docs_src.advanced.datetime.tutorial001_py310",
          "docs_src.advanced.decimal.tutorial001_py310",
          "docs_src.advanced.uuid.tutorial001_py310",
          "docs_src.tutorial.automatic_id_none_refresh.tutorial001_py310",
          "docs_src.tutorial.connect.create_tables.tutorial001_py310",
          "docs_src.tutorial.connect.delete.tutorial001_py310",
          "docs_src.tutorial.connect.insert.tutorial001_py310",
          "docs_src.tutorial.connect.select.tutorial001_py310",
          "docs_src.tutorial.connect.update.tutorial001_py310",
          "docs_src.tutorial.create_db_and_table.tutorial001_py310",
          "docs_src.tutorial.delete.tutorial001_py310",
          "docs_src.tutorial.fastapi.delete.tutorial001_py310",
          "docs_src.tutorial.fastapi.limit_and_offset.tutorial001_py310",
          "docs_src.tutorial.fastapi.multiple_models.tutorial001_py310",
          "docs_src.tutorial.fastapi.read_one.tutorial001_py310",
          "docs_src.tutorial.fastapi.relationships.tutorial001_py310",
          "docs_src.tutorial.fastapi.response_model.tutorial001_py310",
          "docs_src.tutorial.fastapi.session_with_dependency.tutorial001_py310",
          "docs_src.tutorial.fastapi.simple_hero_api.tutorial001_py310",
          "docs_src.tutorial.fastapi.teams.tutorial001_py310",
          "docs_src.tutorial.fastapi.update.tutorial001_py310",
          "docs_src.tutorial.indexes.tutorial001_py310",
          "docs_src.tutorial.insert.tutorial001_py310",
          "docs_src.tutorial.many_to_many.tutorial001_py310",
          "docs_src.tutorial.offset_and_limit.tutorial001_py310",
          "docs_src.tutorial.one.tutorial001_py310",
          "docs_src.tutorial.relationship_attributes.back_populates.tutorial001_py310",
          "docs_src.tutorial.relationship_attributes.cascade_delete_relationships.tutorial001_py310",
          "docs_src.tutorial.relationship_attributes.create_and_update_relationships.tutorial001_py310",
          "docs_src.tutorial.relationship_attributes.define_relationship_attributes.tutorial001_py310",
          "docs_src.tutorial.relationship_attributes.read_relationships.tutorial001_py310",
          "docs_src.tutorial.select.tutorial001_py310",
          "docs_src.tutorial.update.tutorial001_py310",
          "docs_src.tutorial.where.tutorial001_py310"
        ],
        "tutorial002_py310": [
          "docs_src.advanced.datetime.tutorial002_py310",
          "docs_src.advanced.uuid.tutorial002_py310",
          "docs_src.tutorial.automatic_id_none_refresh.tutorial002_py310",
          "docs_src.tutorial.connect.select.tutorial002_py310",
          "docs_src.tutorial.create_db_and_table.tutorial002_py310",
          "docs_src.tutorial.delete.tutorial002_py310",
          "docs_src.tutorial.fastapi.multiple_models.tutorial002_py310",
          "docs_src.tutorial.fastapi.update.tutorial002_py310",
          "docs_src.tutorial.indexes.tutorial002_py310",
          "docs_src.tutorial.insert.tutorial002_py310",
          "docs_src.tutorial.many_to_many.tutorial002_py310",
          "docs_src.tutorial.offset_and_limit.tutorial002_py310",
          "docs_src.tutorial.one.tutorial002_py310",
          "docs_src.tutorial.relationship_attributes.back_populates.tutorial002_py310",
          "docs_src.tutorial.relationship_attributes.cascade_delete_relationships.tutorial002_py310",
          "docs_src.tutorial.relationship_attributes.read_relationships.tutorial002_py310",
          "docs_src.tutorial.select.tutorial002_py310",
          "docs_src.tutorial.update.tutorial002_py310",
          "docs_src.tutorial.where.tutorial002_py310"
        ],
        "tutorial003_py310": [
          "docs_src.advanced.datetime.tutorial003_py310",
          "docs_src.tutorial.connect.select.tutorial003_py310",
          "docs_src.tutorial.create_db_and_table.tutorial003_py310",
          "docs_src.tutorial.insert.tutorial003_py310",
          "docs_src.tutorial.many_to_many.tutorial003_py310",
          "docs_src.tutorial.offset_and_limit.tutorial003_py310",
          "docs_src.tutorial.one.tutorial003_py310",
          "docs_src.tutorial.relationship_attributes.back_populates.tutorial003_py310",
          "docs_src.tutorial.relationship_attributes.cascade_delete_relationships.tutorial003_py310",
          "docs_src.tutorial.select.tutorial003_py310",
          "docs_src.tutorial.update.tutorial003_py310",
          "docs_src.tutorial.where.tutorial003_py310"
        ],
        "tutorial004_py310": [
          "docs_src.advanced.datetime.tutorial004_py310",
          "docs_src.tutorial.connect.select.tutorial004_py310",
          "docs_src.tutorial.offset_and_limit.tutorial004_py310",
          "docs_src.tutorial.one.tutorial004_py310",
          "docs_src.tutorial.relationship_attributes.cascade_delete_relationships.tutorial004_py310",
          "docs_src.tutorial.select.tutorial004_py310",
          "docs_src.tutorial.update.tutorial004_py310",
          "docs_src.tutorial.where.tutorial004_py310"
        ],
        "tutorial005_py310": [
          "docs_src.advanced.datetime.tutorial005_py310",
          "docs_src.tutorial.connect.select.tutorial005_py310",
          "docs_src.tutorial.one.tutorial005_py310",
          "docs_src.tutorial.relationship_attributes.cascade_delete_relationships.tutorial005_py310",
          "docs_src.tutorial.where.tutorial005_py310"
        ],
        "app": [
          "docs_src.tutorial.code_structure.tutorial001_py310.app",
          "docs_src.tutorial.code_structure.tutorial002_py310.app"
        ],
        "database": [
          "docs_src.tutorial.code_structure.tutorial001_py310.database",
          "docs_src.tutorial.code_structure.tutorial002_py310.database"
        ],
        "main": [
          "docs_src.tutorial.fastapi.app_testing.tutorial001_py310.main",
          "sqlmodel.main"
        ],
        "tutorial006_py310": [
          "docs_src.tutorial.one.tutorial006_py310",
          "docs_src.tutorial.where.tutorial006_py310"
        ],
        "tutorial007_py310": [
          "docs_src.tutorial.one.tutorial007_py310",
          "docs_src.tutorial.where.tutorial007_py310"
        ],
        "tutorial008_py310": [
          "docs_src.tutorial.one.tutorial008_py310",
          "docs_src.tutorial.where.tutorial008_py310"
        ],
        "tutorial009_py310": [
          "docs_src.tutorial.one.tutorial009_py310",
          "docs_src.tutorial.where.tutorial009_py310"
        ],
        "session": [
          "sqlmodel.ext.asyncio.session",
          "sqlmodel.orm.session"
        ]
      },
      "n_files_dropped_by_basename_keying": 131,
      "max_files_cap": 4000
    },
    "run4_precondition_ok": true,
    "run4_n_certified": 195,
    "run4_certified": [
      "docs_src.advanced.datetime.tutorial001_py310.main",
      "docs_src.advanced.datetime.tutorial001_py311.main",
      "docs_src.advanced.datetime.tutorial002_py310.main",
      "docs_src.advanced.datetime.tutorial003_py310.main",
      "docs_src.advanced.datetime.tutorial004_py310.downgrade",
      "docs_src.advanced.datetime.tutorial004_py310.upgrade",
      "docs_src.advanced.datetime.tutorial005_py310.main",
      "docs_src.advanced.decimal.tutorial001_py310.main",
      "docs_src.advanced.uuid.tutorial001_py310.main",
      "docs_src.advanced.uuid.tutorial002_py310.main"
    ],
    "corpus_complete": true,
    "n_predicted_dead": 246,
    "n_certified": 3,
    "certification_rate": 0.0894,
    "dead_certified": [
      "docs_src.tutorial.fastapi.app_testing.tutorial001_py310.test_extra_coverage.test_delete_hero_not_found",
      "docs_src.tutorial.fastapi.app_testing.tutorial001_py310.test_extra_coverage.test_get_session",
      "docs_src.tutorial.fastapi.app_testing.tutorial001_py310.test_extra_coverage.test_read_hero_not_found",
      "docs_src.tutorial.fastapi.app_testing.tutorial001_py310.test_extra_coverage.test_startup",
      "docs_src.tutorial.fastapi.app_testing.tutorial001_py310.test_extra_coverage.test_update_hero_not_found",
      "docs_src.tutorial.fastapi.app_testing.tutorial001_py310.test_main.test_create_hero_incomplete",
      "docs_src.tutorial.fastapi.app_testing.tutorial001_py310.test_main.test_create_hero_invalid",
      "docs_src.tutorial.fastapi.app_testing.tutorial001_py310.test_main.test_delete_hero",
      "docs_src.tutorial.fastapi.app_testing.tutorial001_py310.test_main.test_read_hero",
      "docs_src.tutorial.fastapi.app_testing.tutorial001_py310.test_main.test_read_heroes"
    ],
    "n_blocked": 224,
    "n_blocked_by_string_only": 2,
    "dead_blocked_by_string_only": [
      "scripts.docs.build",
      "scripts.docs.serve"
    ],
    "n_complex_sites": 0,
    "cpg_resolution_rate": 0.4502,
    "cpg_parse_errors": [],
    "n_parse_errors": 0,
    "peak_ram_mb": 51.43,
    "token_cost_usd": 0.0,
    "elapsed_s": 0.52,
    "run4_term_v3": 1.0,
    "unreferenced_term": 1.0,
    "unreferenced_term_refused_reason": null,
    "new_subset_of_run4_ungated": true,
    "n_run4_cert_out_of_scope_refs": 107,
    "run4_cert_out_of_scope_sample": [
      "docs_src.advanced.datetime.tutorial001_py310.main",
      "docs_src.advanced.datetime.tutorial001_py311.main",
      "docs_src.advanced.datetime.tutorial002_py310.main",
      "docs_src.advanced.datetime.tutorial003_py310.main",
      "docs_src.advanced.datetime.tutorial004_py310.downgrade",
      "docs_src.advanced.datetime.tutorial004_py310.upgrade",
      "docs_src.advanced.datetime.tutorial005_py310.main",
      "docs_src.advanced.decimal.tutorial001_py310.main",
      "docs_src.advanced.uuid.tutorial001_py310.main",
      "docs_src.advanced.uuid.tutorial002_py310.main"
    ],
    "n_run4_cert_blocked_only_by_string": 0,
    "n_run4_ungated_false_positives": 173,
    "n_run4_gated_certified": 195,
    "n_certified_only_by_new_rule": 0,
    "oracle_ran": false,
    "harness_score_v4": null,
    "score_withheld_reason": "the structural term is defined against a dynamic oracle, and the oracle executes code. It is deliberately not run on a third-party tarball, so no harness_score is emitted for real repositories. The gated dead term and the certification counts ARE emitted, because they are trace-free.",
    "ground_truth_checked": false,
    "ground_truth_note": "no ground truth exists for a real repository, so the real-repo rows carry NO accuracy claim; the soundness claim is the proof in src/04_symbol_domain.py, and it is falsified or confirmed on synthetic_taint_repo where the truth is written down",
    "metric_def_note": "UNCHANGED. N9 changes no scored term and, as measured below, no certified symbol. The export-boundary work is unscored reporting; max_metric stays 80 with the same denominator as runs 4 and 5.",
    "n_star_import_sites": 0,
    "n_star_target_modules": 0,
    "n_unresolved_star_imports": 0,
    "n_modules_with_dunder_all": 0,
    "star_exposed_dead": [],
    "closure_changed_run5": [
      "docs_src.tutorial.fastapi.app_testing.tutorial001_py310.test_extra_coverage.test_delete_hero_not_found",
      "docs_src.tutorial.fastapi.app_testing.tutorial001_py310.test_extra_coverage.test_get_session",
      "docs_src.tutorial.fastapi.app_testing.tutorial001_py310.test_extra_coverage.test_read_hero_not_found",
      "docs_src.tutorial.fastapi.app_testing.tutorial001_py310.test_extra_coverage.test_startup",
      "docs_src.tutorial.fastapi.app_testing.tutorial001_py310.test_extra_coverage.test_update_hero_not_found",
      "docs_src.tutorial.fastapi.app_testing.tutorial001_py310.test_main.test_create_hero_incomplete",
      "docs_src.tutorial.fastapi.app_testing.tutorial001_py310.test_main.test_create_hero_invalid",
      "docs_src.tutorial.fastapi.app_testing.tutorial001_py310.test_main.test_delete_hero",
      "docs_src.tutorial.fastapi.app_testing.tutorial001_py310.test_main.test_read_hero",
      "docs_src.tutorial.fastapi.app_testing.tutorial001_py310.test_main.test_read_heroes",
      "docs_src.tutorial.fastapi.app_testing.tutorial001_py310.test_main.test_update_hero",
      "scripts.docs.copy_py39_to_py310",
      "scripts.docs.generate_docs_src_versions",
      "scripts.docs.generate_readme",
      "scripts.docs.live",
      "scripts.docs.remove_unused_docs_src",
      "scripts.docs.update_docs_includes_py39_to_py310",
      "scripts.docs.verify_readme",
      "scripts.prepare_release.release_notes"
    ],
    "star_closure_is_noop": true,
    "n_withheld_external_driver": 194,
    "withheld_external_driver": [
      "docs_src.advanced.datetime.tutorial001_py310.main",
      "docs_src.advanced.datetime.tutorial001_py311.main",
      "docs_src.advanced.datetime.tutorial002_py310.main",
      "docs_src.advanced.datetime.tutorial003_py310.main",
      "docs_src.advanced.datetime.tutorial004_py310.downgrade",
      "docs_src.advanced.datetime.tutorial004_py310.upgrade",
      "docs_src.advanced.datetime.tutorial005_py310.main",
      "docs_src.advanced.decimal.tutorial001_py310.main",
      "docs_src.advanced.uuid.tutorial001_py310.main",
      "docs_src.advanced.uuid.tutorial002_py310.main",
      "docs_src.tutorial.automatic_id_none_refresh.tutorial001_py310.main",
      "docs_src.tutorial.automatic_id_none_refresh.tutorial002_py310.main"
    ],
    "external_driver_reasons": {
      "path_surface": 176,
      "name_convention": 18
    },
    "withheld_by_toplevel_dir": {
      "docs_src": 179,
      "scripts": 15
    },
    "external_driver_adjudication": "NOT executed. The driver (pytest, pytest-benchmark, CI) was not run, so these are withheld as externally-driven, not counted as measured false positives.",
    "n_certified_run5": 22,
    "n_certified_closed": 3,
    "n_certified_per_module_UNSOUND": 117,
    "per_module_extra_vs_global": [
      "docs_src.advanced.datetime.tutorial004_py310.downgrade",
      "docs_src.advanced.datetime.tutorial004_py310.upgrade",
      "docs_src.tutorial.code_structure.tutorial001_py310.database.create_db_and_tables",
      "docs_src.tutorial.code_structure.tutorial002_py310.database.create_db_and_tables",
      "docs_src.tutorial.fastapi.app_testing.tutorial001_py310.main.create_hero",
      "docs_src.tutorial.fastapi.app_testing.tutorial001_py310.main.delete_hero",
      "docs_src.tutorial.fastapi.app_testing.tutorial001_py310.main.on_startup",
      "docs_src.tutorial.fastapi.app_testing.tutorial001_py310.main.read_hero",
      "docs_src.tutorial.fastapi.app_testing.tutorial001_py310.main.read_heroes",
      "docs_src.tutorial.fastapi.app_testing.tutorial001_py310.main.update_hero",
      "docs_src.tutorial.fastapi.app_testing.tutorial001_py310.test_extra_coverage.test_delete_hero_not_found",
      "docs_src.tutorial.fastapi.app_testing.tutorial001_py310.test_extra_coverage.test_get_session",
      "docs_src.tutorial.fastapi.app_testing.tutorial001_py310.test_extra_coverage.test_read_hero_not_found",
      "docs_src.tutorial.fastapi.app_testing.tutorial001_py310.test_extra_coverage.test_startup",
      "docs_src.tutorial.fastapi.app_testing.tutorial001_py310.test_extra_coverage.test_update_hero_not_found",
      "docs_src.tutorial.fastapi.app_testing.tutorial001_py310.test_main.client_fixture",
      "docs_src.tutorial.fastapi.app_testing.tutorial001_py310.test_main.session_fixture",
      "docs_src.tutorial.fastapi.app_testing.tutorial001_py310.test_main.test_create_hero",
      "docs_src.tutorial.fastapi.app_testing.tutorial001_py310.test_main.test_create_hero_incomplete",
      "docs_src.tutorial.fastapi.app_testing.tutorial001_py310.test_main.test_create_hero_invalid",
      "docs_src.tutorial.fastapi.app_testing.tutorial001_py310.test_main.test_delete_hero",
      "docs_src.tutorial.fastapi.app_testing.tutorial001_py310.test_main.test_read_hero",
      "docs_src.tutorial.fastapi.app_testing.tutorial001_py310.test_main.test_read_heroes",
      "docs_src.tutorial.fastapi.app_testing.tutorial001_py310.test_main.test_update_hero",
      "docs_src.tutorial.fastapi.app_testing.tutorial001_py310.test_main_001.test_create_hero",
      "docs_src.tutorial.fastapi.app_testing.tutorial001_py310.test_main_002.test_create_hero",
      "docs_src.tutorial.fastapi.app_testing.tutorial001_py310.test_main_003.test_create_hero",
      "docs_src.tutorial.fastapi.app_testing.tutorial001_py310.test_main_004.test_create_hero",
      "docs_src.tutorial.fastapi.app_testing.tutorial001_py310.test_main_005.session_fixture",
      "docs_src.tutorial.fastapi.app_testing.tutorial001_py310.test_main_005.test_create_hero",
      "docs_src.tutorial.fastapi.app_testing.tutorial001_py310.test_main_006.client_fixture",
      "docs_src.tutorial.fastapi.app_testing.tutorial001_py310.test_main_006.session_fixture",
      "docs_src.tutorial.fastapi.app_testing.tutorial001_py310.test_main_006.test_create_hero",
      "docs_src.tutorial.fastapi.delete.tutorial001_py310.create_hero",
      "docs_src.tutorial.fastapi.delete.tutorial001_py310.delete_hero",
      "docs_src.tutorial.fastapi.delete.tutorial001_py310.on_startup",
      "docs_src.tutorial.fastapi.delete.tutorial001_py310.read_hero",
      "docs_src.tutorial.fastapi.delete.tutorial001_py310.read_heroes",
      "docs_src.tutorial.fastapi.delete.tutorial001_py310.update_hero",
      "docs_src.tutorial.fastapi.limit_and_offset.tutorial001_py310.create_hero",
      "docs_src.tutorial.fastapi.limit_and_offset.tutorial001_py310.on_startup",
      "docs_src.tutorial.fastapi.limit_and_offset.tutorial001_py310.read_hero",
      "docs_src.tutorial.fastapi.limit_and_offset.tutorial001_py310.read_heroes",
      "docs_src.tutorial.fastapi.multiple_models.tutorial001_py310.create_hero",
      "docs_src.tutorial.fastapi.multiple_models.tutorial001_py310.on_startup",
      "docs_src.tutorial.fastapi.multiple_models.tutorial001_py310.read_heroes",
      "docs_src.tutorial.fastapi.multiple_models.tutorial002_py310.create_hero",
      "docs_src.tutorial.fastapi.multiple_models.tutorial002_py310.on_startup",
      "docs_src.tutorial.fastapi.multiple_models.tutorial002_py310.read_heroes",
      "docs_src.tutorial.fastapi.read_one.tutorial001_py310.create_hero",
      "docs_src.tutorial.fastapi.read_one.tutorial001_py310.on_startup",
      "docs_src.tutorial.fastapi.read_one.tutorial001_py310.read_hero",
      "docs_src.tutorial.fastapi.read_one.tutorial001_py310.read_heroes",
      "docs_src.tutorial.fastapi.relationships.tutorial001_py310.create_hero",
      "docs_src.tutorial.fastapi.relationships.tutorial001_py310.create_team",
      "docs_src.tutorial.fastapi.relationships.tutorial001_py310.delete_hero",
      "docs_src.tutorial.fastapi.relationships.tutorial001_py310.delete_team",
      "docs_src.tutorial.fastapi.relationships.tutorial001_py310.on_startup",
      "docs_src.tutorial.fastapi.relationships.tutorial001_py310.read_hero",
      "docs_src.tutorial.fastapi.relationships.tutorial001_py310.read_heroes",
      "docs_src.tutorial.fastapi.relationships.tutorial001_py310.read_team",
      "docs_src.tutorial.fastapi.relationships.tutorial001_py310.read_teams",
      "docs_src.tutorial.fastapi.relationships.tutorial001_py310.update_hero",
      "docs_src.tutorial.fastapi.relationships.tutorial001_py310.update_team",
      "docs_src.tutorial.fastapi.response_model.tutorial001_py310.create_hero",
      "docs_src.tutorial.fastapi.response_model.tutorial001_py310.on_startup",
      "docs_src.tutorial.fastapi.response_model.tutorial001_py310.read_heroes",
      "docs_src.tutorial.fastapi.session_with_dependency.tutorial001_py310.create_hero",
      "docs_src.tutorial.fastapi.session_with_dependency.tutorial001_py310.delete_hero",
      "docs_src.tutorial.fastapi.session_with_dependency.tutorial001_py310.on_startup",
      "docs_src.tutorial.fastapi.session_with_dependency.tutorial001_py310.read_hero",
      "docs_src.tutorial.fastapi.session_with_dependency.tutorial001_py310.read_heroes",
      "docs_src.tutorial.fastapi.session_with_dependency.tutorial001_py310.update_hero",
      "docs_src.tutorial.fastapi.simple_hero_api.tutorial001_py310.create_hero",
      "docs_src.tutorial.fastapi.simple_hero_api.tutorial001_py310.on_startup",
      "docs_src.tutorial.fastapi.simple_hero_api.tutorial001_py310.read_heroes",
      "docs_src.tutorial.fastapi.teams.tutorial001_py310.create_hero",
      "docs_src.tutorial.fastapi.teams.tutorial001_py310.create_team",
      "docs_src.tutorial.fastapi.teams.tutorial001_py310.delete_hero",
      "docs_src.tutorial.fastapi.teams.tutorial001_py310.delete_team",
      "docs_src.tutorial.fastapi.teams.tutorial001_py310.on_startup",
      "docs_src.tutorial.fastapi.teams.tutorial001_py310.read_hero",
      "docs_src.tutorial.fastapi.teams.tutorial001_py310.read_heroes",
      "docs_src.tutorial.fastapi.teams.tutorial001_py310.read_team",
      "docs_src.tutorial.fastapi.teams.tutorial001_py310.read_teams",
      "docs_src.tutorial.fastapi.teams.tutorial001_py310.update_hero",
      "docs_src.tutorial.fastapi.teams.tutorial001_py310.update_team",
      "docs_src.tutorial.fastapi.update.tutorial001_py310.create_hero",
      "docs_src.tutorial.fastapi.update.tutorial001_py310.on_startup",
      "docs_src.tutorial.fastapi.update.tutorial001_py310.read_hero",
      "docs_src.tutorial.fastapi.update.tutorial001_py310.read_heroes",
      "docs_src.tutorial.fastapi.update.tutorial001_py310.update_hero",
      "docs_src.tutorial.fastapi.update.tutorial002_py310.create_hero",
      "docs_src.tutorial.fastapi.update.tutorial002_py310.on_startup",
      "docs_src.tutorial.fastapi.update.tutorial002_py310.read_hero",
      "docs_src.tutorial.fastapi.update.tutorial002_py310.read_heroes",
      "docs_src.tutorial.fastapi.update.tutorial002_py310.update_hero",
      "docs_src.tutorial.relationship_attributes.cascade_delete_relationships.tutorial004_py310.select_deleted_heroes",
      "scripts.docs.copy_py39_to_py310",
      "scripts.docs.generate_docs_src_versions",
      "scripts.docs.generate_readme",
      "scripts.docs.live",
      "scripts.docs.remove_unused_docs_src",
      "scripts.docs.update_docs_includes_py39_to_py310",
      "scripts.docs.verify_readme",
      "scripts.prepare_release.prepare",
      "scripts.prepare_release.release_notes",
      "sqlmodel._compat.get_annotations",
      "sqlmodel._compat.get_field_metadata",
      "sqlmodel._compat.get_model_fields",
      "sqlmodel._compat.get_sa_type_from_field",
      "sqlmodel._compat.init_pydantic_private_attrs",
      "sqlmodel._compat.is_field_noneable",
      "sqlmodel._compat.sqlmodel_init",
      "sqlmodel._compat.sqlmodel_validate",
      "sqlmodel.default.Default",
      "sqlmodel.sql.expression.col"
    ],
    "n_publicly_exported": 0,
    "n_externally_driven_bucket": 194,
    "n_blocked_by_mention": 49,
    "blocker_reasons": {
      "dunder_all_declared": 0,
      "cross_module_collision": 221,
      "string_literal_only": 21,
      "internal_reference": 4,
      "unknown": 0
    },
    "certified_by_toplevel_dir": {
      "sqlmodel": 3
    },
    "n_certified_run5_by_toplevel_dir": {
      "docs_src": 11,
      "scripts": 8,
      "sqlmodel": 3
    },
    "certified_dead": [
      "sqlmodel.sql.sqltypes.UTCDateTime.coerce_compared_value",
      "sqlmodel.sql.sqltypes.UTCDateTime.process_bind_param",
      "sqlmodel.sql.sqltypes.UTCDateTime.process_result_value"
    ],
    "publicly_exported": [],
    "bucket_partition_is_exact": true,
    "blocked_sample": [
      "sqlmodel._compat.get_annotations",
      "sqlmodel._compat.get_field_metadata",
      "sqlmodel._compat.get_model_fields",
      "sqlmodel._compat.get_sa_type_from_field",
      "sqlmodel._compat.init_pydantic_private_attrs",
      "sqlmodel._compat.is_field_noneable",
      "sqlmodel._compat.sqlmodel_init",
      "sqlmodel._compat.sqlmodel_validate",
      "sqlmodel.default.Default",
      "sqlmodel.ext.asyncio.session.AsyncSession.exec",
      "sqlmodel.ext.asyncio.session.AsyncSession.execute",
      "sqlmodel.main.Field"
    ],
    "name_to_dispatch_lemma": "A star import creates a BINDING to m.n that spells n nowhere, but every way of dispatching through a binding names it: Name and attribute lookups both spell the leaf, a subscript spells it as a key or computes it, and the only nameless route is reflection over vars()/dir(), which is the already-named runtime-assembly ceiling. So occ[leaf(s)] == 1 is still a sound certificate.",
    "harness_score_identical_to_run7": true,
    "scored_term_unchanged": true,
    "certified_set_identical_to_run7": false,
    "certified_removed_by_repair": [
      "docs_src.tutorial.fastapi.app_testing.tutorial001_py310.test_extra_coverage.test_delete_hero_not_found",
      "docs_src.tutorial.fastapi.app_testing.tutorial001_py310.test_extra_coverage.test_get_session",
      "docs_src.tutorial.fastapi.app_testing.tutorial001_py310.test_extra_coverage.test_read_hero_not_found",
      "docs_src.tutorial.fastapi.app_testing.tutorial001_py310.test_extra_coverage.test_startup",
      "docs_src.tutorial.fastapi.app_testing.tutorial001_py310.test_extra_coverage.test_update_hero_not_found",
      "docs_src.tutorial.fastapi.app_testing.tutorial001_py310.test_main.test_create_hero_incomplete",
      "docs_src.tutorial.fastapi.app_testing.tutorial001_py310.test_main.test_create_hero_invalid",
      "docs_src.tutorial.fastapi.app_testing.tutorial001_py310.test_main.test_delete_hero",
      "docs_src.tutorial.fastapi.app_testing.tutorial001_py310.test_main.test_read_hero",
      "docs_src.tutorial.fastapi.app_testing.tutorial001_py310.test_main.test_read_heroes",
      "docs_src.tutorial.fastapi.app_testing.tutorial001_py310.test_main.test_update_hero",
      "scripts.docs.copy_py39_to_py310",
      "scripts.docs.generate_docs_src_versions",
      "scripts.docs.generate_readme",
      "scripts.docs.live",
      "scripts.docs.remove_unused_docs_src",
      "scripts.docs.update_docs_includes_py39_to_py310",
      "scripts.docs.verify_readme",
      "scripts.prepare_release.release_notes"
    ]
  },
  {
    "variation": "n9_export_boundary",
    "repo": "Textualize/rich",
    "files_analysis": 109,
    "files_corpus": 213,
    "metric_def": "unreferenced-domain-v4",
    "max_metric": 80,
    "corpus_meta": {
      "n_py_in_artefact": 213,
      "n_analysis": 109,
      "n_corpus": 213,
      "oversize_files": 0,
      "basename_collisions": {
        "__init__": [
          "benchmarks.__init__",
          "rich.__init__",
          "rich._unicode_data.__init__"
        ]
      },
      "n_files_dropped_by_basename_keying": 2,
      "max_files_cap": 4000
    },
    "run4_precondition_ok": false,
    "run4_n_certified": 198,
    "run4_certified": [
      "benchmarks.benchmarks.ColorSuite.setup",
      "benchmarks.benchmarks.ColorSuite.time_downgrade_to_eight_bit",
      "benchmarks.benchmarks.ColorSuite.time_downgrade_to_standard",
      "benchmarks.benchmarks.ColorSuite.time_downgrade_to_windows",
      "benchmarks.benchmarks.ColorSuiteCached.setup",
      "benchmarks.benchmarks.ColorSuiteCached.time_downgrade_to_eight_bit",
      "benchmarks.benchmarks.ColorSuiteCached.time_downgrade_to_standard",
      "benchmarks.benchmarks.ColorSuiteCached.time_downgrade_to_windows",
      "benchmarks.benchmarks.PrettySuite.setup",
      "benchmarks.benchmarks.PrettySuite.time_pretty"
    ],
    "corpus_complete": true,
    "n_predicted_dead": 452,
    "n_certified": 1,
    "certification_rate": 0.0597,
    "dead_certified": [
      "benchmarks.benchmarks.PrettySuite.time_pretty",
      "benchmarks.benchmarks.PrettySuite.time_pretty_indent_guides",
      "benchmarks.benchmarks.PrettySuite.time_pretty_justify_center",
      "benchmarks.benchmarks.StyleSuite.time_parse_ansi",
      "benchmarks.benchmarks.StyleSuite.time_parse_hex",
      "benchmarks.benchmarks.StyleSuite.time_parse_mixed_complex_style",
      "benchmarks.benchmarks.StyleSuite.time_style_add",
      "benchmarks.benchmarks.SyntaxWrappingSuite.time_text_thin_terminal_heavy_wrapping",
      "benchmarks.benchmarks.SyntaxWrappingSuite.time_text_thin_terminal_medium_wrapping",
      "benchmarks.benchmarks.SyntaxWrappingSuite.time_text_wide_terminal_no_wrapping"
    ],
    "n_blocked": 425,
    "n_blocked_by_string_only": 1,
    "dead_blocked_by_string_only": [
      "rich.file_proxy.FileProxy.rich_proxied_file"
    ],
    "n_complex_sites": 5,
    "cpg_resolution_rate": 0.3967,
    "cpg_parse_errors": [],
    "n_parse_errors": 0,
    "peak_ram_mb": 73.17,
    "token_cost_usd": 0.0,
    "elapsed_s": 1.59,
    "run4_term_v3": 0.0,
    "unreferenced_term": 1.0,
    "unreferenced_term_refused_reason": null,
    "new_subset_of_run4_ungated": true,
    "n_run4_cert_out_of_scope_refs": 120,
    "run4_cert_out_of_scope_sample": [
      "benchmarks.benchmarks.SegmentSuite.test_divide_complex",
      "rich.__init__.inspect",
      "rich.__init__.reconfigure",
      "rich.__main__.make_test_card",
      "rich._fileno.get_fileno",
      "rich._inspect.is_object_one_of_types",
      "rich._loop.loop_first",
      "rich._loop.loop_first_last",
      "rich._loop.loop_last",
      "rich._null_file.NullFile.writable"
    ],
    "n_run4_cert_blocked_only_by_string": 3,
    "n_run4_ungated_false_positives": 171,
    "n_run4_gated_certified": 0,
    "n_certified_only_by_new_rule": 27,
    "oracle_ran": false,
    "harness_score_v4": null,
    "score_withheld_reason": "the structural term is defined against a dynamic oracle, and the oracle executes code. It is deliberately not run on a third-party tarball, so no harness_score is emitted for real repositories. The gated dead term and the certification counts ARE emitted, because they are trace-free.",
    "ground_truth_checked": false,
    "ground_truth_note": "no ground truth exists for a real repository, so the real-repo rows carry NO accuracy claim; the soundness claim is the proof in src/04_symbol_domain.py, and it is falsified or confirmed on synthetic_taint_repo where the truth is written down",
    "metric_def_note": "UNCHANGED. N9 changes no scored term and, as measured below, no certified symbol. The export-boundary work is unscored reporting; max_metric stays 80 with the same denominator as runs 4 and 5.",
    "n_star_import_sites": 0,
    "n_star_target_modules": 0,
    "n_unresolved_star_imports": 0,
    "n_modules_with_dunder_all": 2,
    "star_exposed_dead": [],
    "closure_changed_run5": [
      "benchmarks.benchmarks.PrettySuite.time_pretty",
      "benchmarks.benchmarks.PrettySuite.time_pretty_indent_guides",
      "benchmarks.benchmarks.PrettySuite.time_pretty_justify_center",
      "benchmarks.benchmarks.StyleSuite.time_parse_ansi",
      "benchmarks.benchmarks.StyleSuite.time_parse_hex",
      "benchmarks.benchmarks.StyleSuite.time_parse_mixed_complex_style",
      "benchmarks.benchmarks.StyleSuite.time_style_add",
      "benchmarks.benchmarks.SyntaxWrappingSuite.time_text_thin_terminal_heavy_wrapping",
      "benchmarks.benchmarks.SyntaxWrappingSuite.time_text_thin_terminal_medium_wrapping",
      "benchmarks.benchmarks.SyntaxWrappingSuite.time_text_wide_terminal_no_wrapping",
      "benchmarks.benchmarks.TableSuite.time_table_heavy_wrapping",
      "benchmarks.benchmarks.TableSuite.time_table_no_wrapping",
      "benchmarks.benchmarks.TextHotCacheSuite.time_wrapping_unicode_heavy_warm_cache",
      "benchmarks.benchmarks.TextSuite.time_align_center",
      "benchmarks.benchmarks.TextSuite.time_align_center_unicode_heavy",
      "benchmarks.benchmarks.TextSuite.time_divide",
      "benchmarks.benchmarks.TextSuite.time_divide_unicode_heavy",
      "benchmarks.benchmarks.TextSuite.time_fit",
      "benchmarks.benchmarks.TextSuite.time_fit_unicode_heavy",
      "benchmarks.benchmarks.TextSuite.time_indent_guides",
      "benchmarks.benchmarks.TextSuite.time_render",
      "benchmarks.benchmarks.TextSuite.time_render_unicode_heavy",
      "benchmarks.benchmarks.TextSuite.time_split",
      "benchmarks.benchmarks.TextSuite.time_split_unicode_heavy",
      "benchmarks.benchmarks.TextSuite.time_wrapping",
      "benchmarks.benchmarks.TextSuite.time_wrapping_unicode_heavy"
    ],
    "star_closure_is_noop": true,
    "n_withheld_external_driver": 42,
    "withheld_external_driver": [
      "benchmarks.benchmarks.ColorSuite.setup",
      "benchmarks.benchmarks.ColorSuite.time_downgrade_to_eight_bit",
      "benchmarks.benchmarks.ColorSuite.time_downgrade_to_standard",
      "benchmarks.benchmarks.ColorSuite.time_downgrade_to_windows",
      "benchmarks.benchmarks.ColorSuiteCached.setup",
      "benchmarks.benchmarks.ColorSuiteCached.time_downgrade_to_eight_bit",
      "benchmarks.benchmarks.ColorSuiteCached.time_downgrade_to_standard",
      "benchmarks.benchmarks.ColorSuiteCached.time_downgrade_to_windows",
      "benchmarks.benchmarks.PrettySuite.setup",
      "benchmarks.benchmarks.PrettySuite.time_pretty",
      "benchmarks.benchmarks.PrettySuite.time_pretty_indent_guides",
      "benchmarks.benchmarks.PrettySuite.time_pretty_justify_center"
    ],
    "external_driver_reasons": {
      "name_convention": 34,
      "path_surface": 8
    },
    "withheld_by_toplevel_dir": {
      "benchmarks": 41,
      "rich": 1
    },
    "external_driver_adjudication": "NOT executed. The driver (pytest, pytest-benchmark, CI) was not run, so these are withheld as externally-driven, not counted as measured false positives.",
    "n_certified_run5": 27,
    "n_certified_closed": 1,
    "n_certified_per_module_UNSOUND": 30,
    "per_module_extra_vs_global": [
      "rich._emoji_replace._emoji_replace",
      "rich._extension.load_ipython_extension",
      "rich._fileno.get_fileno",
      "rich._inspect.is_object_one_of_types",
      "rich._loop.loop_first",
      "rich._loop.loop_first_last",
      "rich._loop.loop_last",
      "rich._pick.pick_bool",
      "rich._ratio.ratio_distribute",
      "rich._ratio.ratio_reduce",
      "rich._timer.timer",
      "rich._unicode_data.__init__.load",
      "rich._windows_renderer.legacy_windows_render",
      "rich._wrap.divide_line",
      "rich.cells.chop_cells",
      "rich.cells.set_cell_size",
      "rich.cells.split_text",
      "rich.color.blend_rgb",
      "rich.color.parse_rgb_hex",
      "rich.console.group",
      "rich.control.escape_control_codes",
      "rich.control.strip_control_codes",
      "rich.filesize.pick_unit_and_suffix",
      "rich.markup.escape",
      "rich.markup.render",
      "rich.measure.measure_renderables",
      "rich.pretty.install",
      "rich.pretty.is_expandable",
      "rich.protocol.is_renderable",
      "rich.protocol.rich_cast"
    ],
    "n_publicly_exported": 5,
    "n_externally_driven_bucket": 42,
    "n_blocked_by_mention": 404,
    "blocker_reasons": {
      "dunder_all_declared": 5,
      "cross_module_collision": 442,
      "string_literal_only": 0,
      "internal_reference": 5,
      "unknown": 0
    },
    "certified_by_toplevel_dir": {
      "rich": 1
    },
    "n_certified_run5_by_toplevel_dir": {
      "benchmarks": 26,
      "rich": 1
    },
    "certified_dead": [
      "rich.logging.RichHandler.emit"
    ],
    "publicly_exported": [
      "rich.__init__.inspect",
      "rich.__init__.print",
      "rich.__init__.print_json",
      "rich.__init__.reconfigure",
      "rich.filesize.decimal"
    ],
    "bucket_partition_is_exact": true,
    "blocked_sample": [
      "rich.__main__.make_test_card",
      "rich._emoji_replace._emoji_replace",
      "rich._extension.load_ipython_extension",
      "rich._fileno.get_fileno",
      "rich._inspect.is_object_one_of_types",
      "rich._loop.loop_first",
      "rich._loop.loop_first_last",
      "rich._loop.loop_last",
      "rich._null_file.NullFile.close",
      "rich._null_file.NullFile.fileno",
      "rich._null_file.NullFile.flush",
      "rich._null_file.NullFile.isatty"
    ],
    "name_to_dispatch_lemma": "A star import creates a BINDING to m.n that spells n nowhere, but every way of dispatching through a binding names it: Name and attribute lookups both spell the leaf, a subscript spells it as a key or computes it, and the only nameless route is reflection over vars()/dir(), which is the already-named runtime-assembly ceiling. So occ[leaf(s)] == 1 is still a sound certificate.",
    "harness_score_identical_to_run7": true,
    "scored_term_unchanged": true,
    "certified_set_identical_to_run7": false,
    "certified_removed_by_repair": [
      "benchmarks.benchmarks.PrettySuite.time_pretty",
      "benchmarks.benchmarks.PrettySuite.time_pretty_indent_guides",
      "benchmarks.benchmarks.PrettySuite.time_pretty_justify_center",
      "benchmarks.benchmarks.StyleSuite.time_parse_ansi",
      "benchmarks.benchmarks.StyleSuite.time_parse_hex",
      "benchmarks.benchmarks.StyleSuite.time_parse_mixed_complex_style",
      "benchmarks.benchmarks.StyleSuite.time_style_add",
      "benchmarks.benchmarks.SyntaxWrappingSuite.time_text_thin_terminal_heavy_wrapping",
      "benchmarks.benchmarks.SyntaxWrappingSuite.time_text_thin_terminal_medium_wrapping",
      "benchmarks.benchmarks.SyntaxWrappingSuite.time_text_wide_terminal_no_wrapping",
      "benchmarks.benchmarks.TableSuite.time_table_heavy_wrapping",
      "benchmarks.benchmarks.TableSuite.time_table_no_wrapping",
      "benchmarks.benchmarks.TextHotCacheSuite.time_wrapping_unicode_heavy_warm_cache",
      "benchmarks.benchmarks.TextSuite.time_align_center",
      "benchmarks.benchmarks.TextSuite.time_align_center_unicode_heavy",
      "benchmarks.benchmarks.TextSuite.time_divide",
      "benchmarks.benchmarks.TextSuite.time_divide_unicode_heavy",
      "benchmarks.benchmarks.TextSuite.time_fit",
      "benchmarks.benchmarks.TextSuite.time_fit_unicode_heavy",
      "benchmarks.benchmarks.TextSuite.time_indent_guides",
      "benchmarks.benchmarks.TextSuite.time_render",
      "benchmarks.benchmarks.TextSuite.time_render_unicode_heavy",
      "benchmarks.benchmarks.TextSuite.time_split",
      "benchmarks.benchmarks.TextSuite.time_split_unicode_heavy",
      "benchmarks.benchmarks.TextSuite.time_wrapping",
      "benchmarks.benchmarks.TextSuite.time_wrapping_unicode_heavy"
    ]
  }
]