[
 {
  "variation": "n16_oracle_ablation_denominator",
  "metric_def": "unreferenced-domain-v4",
  "max_metric": 80,
  "metric_def_note": "UNCHANGED for the TENTH consecutive run, and for the same reason as runs 7-13: the dead term is UNSCORED. This run changes no scorer and no quality number. What it changes is whether eq. row 40 is a measured law or an assertion, which no score can express.",
  "parity": {
   "fixture": "synthetic_cpg_repo",
   "source": "run_one('v2_treesitter_cpg', 'synthetic_cpg_repo')",
   "measured": {
    "struct_precision_dyn": 1.0,
    "struct_recall_dyn": 0.5,
    "dead_code_acc": 0.3333,
    "cpg_resolution_rate": 0.5,
    "blast_latency_ms": 0.51,
    "struct_false_edges": []
   },
   "identical_to_run7": true,
   "diffs": {},
   "composite": 86.23,
   "composite_runs_2_to_7": 86.23,
   "note": "Quality fields must be bit-identical; only blast_latency_ms and peak_ram_mb may move. A non-empty diffs here would be this run's headline rather than a regression, because the ablation touches the oracle, and dead_code_acc is read off the oracle."
  },
  "ablation_sweep": {
   "synthetic_escape_repo": {
    "n_predicted": 5,
    "n_truth_complete": 10,
    "rows": [
     {
      "event_budget": 50,
      "n_truth_observed": 0,
      "n_truth_complete": 10,
      "n_missed_by_oracle": 10,
      "n_manufactured_false_positives": 2,
      "deflation": 0.4,
      "precision_observed_le_precision_true": true,
      "manufactured_are_a_superset": true,
      "bound_is_tight": false,
      "bound_is_loose": true,
      "n_omitted": 10,
      "n_omitted_and_predicted": 2,
      "omission_only_precondition_holds": true,
      "identity_agrees_with_row40": true
     },
     {
      "event_budget": 100,
      "n_truth_observed": 0,
      "n_truth_complete": 10,
      "n_missed_by_oracle": 10,
      "n_manufactured_false_positives": 2,
      "deflation": 0.4,
      "precision_observed_le_precision_true": true,
      "manufactured_are_a_superset": true,
      "bound_is_tight": false,
      "bound_is_loose": true,
      "n_omitted": 10,
      "n_omitted_and_predicted": 2,
      "omission_only_precondition_holds": true,
      "identity_agrees_with_row40": true
     },
     {
      "event_budget": 200,
      "n_truth_observed": 10,
      "n_truth_complete": 10,
      "n_missed_by_oracle": 0,
      "n_manufactured_false_positives": 0,
      "deflation": 0.0,
      "precision_observed_le_precision_true": true,
      "manufactured_are_a_superset": true,
      "bound_is_tight": true,
      "bound_is_loose": false,
      "n_omitted": 0,
      "n_omitted_and_predicted": 0,
      "omission_only_precondition_holds": true,
      "identity_agrees_with_row40": true
     },
     {
      "event_budget": 400,
      "n_truth_observed": 10,
      "n_truth_complete": 10,
      "n_missed_by_oracle": 0,
      "n_manufactured_false_positives": 0,
      "deflation": 0.0,
      "precision_observed_le_precision_true": true,
      "manufactured_are_a_superset": true,
      "bound_is_tight": true,
      "bound_is_loose": false,
      "n_omitted": 0,
      "n_omitted_and_predicted": 0,
      "omission_only_precondition_holds": true,
      "identity_agrees_with_row40": true
     },
     {
      "event_budget": 800,
      "n_truth_observed": 10,
      "n_truth_complete": 10,
      "n_missed_by_oracle": 0,
      "n_manufactured_false_positives": 0,
      "deflation": 0.0,
      "precision_observed_le_precision_true": true,
      "manufactured_are_a_superset": true,
      "bound_is_tight": true,
      "bound_is_loose": false,
      "n_omitted": 0,
      "n_omitted_and_predicted": 0,
      "omission_only_precondition_holds": true,
      "identity_agrees_with_row40": true
     },
     {
      "event_budget": 1600,
      "n_truth_observed": 10,
      "n_truth_complete": 10,
      "n_missed_by_oracle": 0,
      "n_manufactured_false_positives": 0,
      "deflation": 0.0,
      "precision_observed_le_precision_true": true,
      "manufactured_are_a_superset": true,
      "bound_is_tight": true,
      "bound_is_loose": false,
      "n_omitted": 0,
      "n_omitted_and_predicted": 0,
      "omission_only_precondition_holds": true,
      "identity_agrees_with_row40": true
     },
     {
      "event_budget": 3200,
      "n_truth_observed": 10,
      "n_truth_complete": 10,
      "n_missed_by_oracle": 0,
      "n_manufactured_false_positives": 0,
      "deflation": 0.0,
      "precision_observed_le_precision_true": true,
      "manufactured_are_a_superset": true,
      "bound_is_tight": true,
      "bound_is_loose": false,
      "n_omitted": 0,
      "n_omitted_and_predicted": 0,
      "omission_only_precondition_holds": true,
      "identity_agrees_with_row40": true
     },
     {
      "event_budget": 6400,
      "n_truth_observed": 10,
      "n_truth_complete": 10,
      "n_missed_by_oracle": 0,
      "n_manufactured_false_positives": 0,
      "deflation": 0.0,
      "precision_observed_le_precision_true": true,
      "manufactured_are_a_superset": true,
      "bound_is_tight": true,
      "bound_is_loose": false,
      "n_omitted": 0,
      "n_omitted_and_predicted": 0,
      "omission_only_precondition_holds": true,
      "identity_agrees_with_row40": true
     },
     {
      "event_budget": 12800,
      "n_truth_observed": 10,
      "n_truth_complete": 10,
      "n_missed_by_oracle": 0,
      "n_manufactured_false_positives": 0,
      "deflation": 0.0,
      "precision_observed_le_precision_true": true,
      "manufactured_are_a_superset": true,
      "bound_is_tight": true,
      "bound_is_loose": false,
      "n_omitted": 0,
      "n_omitted_and_predicted": 0,
      "omission_only_precondition_holds": true,
      "identity_agrees_with_row40": true
     },
     {
      "event_budget": 51200,
      "n_truth_observed": 10,
      "n_truth_complete": 10,
      "n_missed_by_oracle": 0,
      "n_manufactured_false_positives": 0,
      "deflation": 0.0,
      "precision_observed_le_precision_true": true,
      "manufactured_are_a_superset": true,
      "bound_is_tight": true,
      "bound_is_loose": false,
      "n_omitted": 0,
      "n_omitted_and_predicted": 0,
      "omission_only_precondition_holds": true,
      "identity_agrees_with_row40": true
     },
     {
      "event_budget": 2000000,
      "n_truth_observed": 10,
      "n_truth_complete": 10,
      "n_missed_by_oracle": 0,
      "n_manufactured_false_positives": 0,
      "deflation": 0.0,
      "precision_observed_le_precision_true": true,
      "manufactured_are_a_superset": true,
      "bound_is_tight": true,
      "bound_is_loose": false,
      "n_omitted": 0,
      "n_omitted_and_predicted": 0,
      "omission_only_precondition_holds": true,
      "identity_agrees_with_row40": true
     }
    ],
    "verdict": {
     "n_rows": 11,
     "n_rows_with_real_omission": 2,
     "n_loose_rows": 2,
     "n_tight_despite_omission_rows": 0,
     "max_manufactured": 2,
     "max_deflation": 0.4,
     "both_branches_witnessed": false,
     "non_vacuous": true,
     "verdict": "NON-VACUOUS: an omission landed on a predicted symbol, so the inflation L1 predicts was observed rather than assumed."
    },
    "precondition_violated_at_any_budget": false,
    "identity_disagreed_at_any_budget": false,
    "direction_violated_at_any_budget": false
   },
   "synthetic_cpg_repo": {
    "n_predicted": 2,
    "n_truth_complete": 4,
    "rows": [
     {
      "event_budget": 50,
      "n_truth_observed": 0,
      "n_truth_complete": 4,
      "n_missed_by_oracle": 4,
      "n_manufactured_false_positives": 2,
      "deflation": 1.0,
      "precision_observed_le_precision_true": true,
      "manufactured_are_a_superset": true,
      "bound_is_tight": false,
      "bound_is_loose": true,
      "n_omitted": 4,
      "n_omitted_and_predicted": 2,
      "omission_only_precondition_holds": true,
      "identity_agrees_with_row40": true
     },
     {
      "event_budget": 100,
      "n_truth_observed": 0,
      "n_truth_complete": 4,
      "n_missed_by_oracle": 4,
      "n_manufactured_false_positives": 2,
      "deflation": 1.0,
      "precision_observed_le_precision_true": true,
      "manufactured_are_a_superset": true,
      "bound_is_tight": false,
      "bound_is_loose": true,
      "n_omitted": 4,
      "n_omitted_and_predicted": 2,
      "omission_only_precondition_holds": true,
      "identity_agrees_with_row40": true
     },
     {
      "event_budget": 200,
      "n_truth_observed": 4,
      "n_truth_complete": 4,
      "n_missed_by_oracle": 0,
      "n_manufactured_false_positives": 0,
      "deflation": 0.0,
      "precision_observed_le_precision_true": true,
      "manufactured_are_a_superset": true,
      "bound_is_tight": true,
      "bound_is_loose": false,
      "n_omitted": 0,
      "n_omitted_and_predicted": 0,
      "omission_only_precondition_holds": true,
      "identity_agrees_with_row40": true
     },
     {
      "event_budget": 400,
      "n_truth_observed": 4,
      "n_truth_complete": 4,
      "n_missed_by_oracle": 0,
      "n_manufactured_false_positives": 0,
      "deflation": 0.0,
      "precision_observed_le_precision_true": true,
      "manufactured_are_a_superset": true,
      "bound_is_tight": true,
      "bound_is_loose": false,
      "n_omitted": 0,
      "n_omitted_and_predicted": 0,
      "omission_only_precondition_holds": true,
      "identity_agrees_with_row40": true
     },
     {
      "event_budget": 800,
      "n_truth_observed": 4,
      "n_truth_complete": 4,
      "n_missed_by_oracle": 0,
      "n_manufactured_false_positives": 0,
      "deflation": 0.0,
      "precision_observed_le_precision_true": true,
      "manufactured_are_a_superset": true,
      "bound_is_tight": true,
      "bound_is_loose": false,
      "n_omitted": 0,
      "n_omitted_and_predicted": 0,
      "omission_only_precondition_holds": true,
      "identity_agrees_with_row40": true
     },
     {
      "event_budget": 1600,
      "n_truth_observed": 4,
      "n_truth_complete": 4,
      "n_missed_by_oracle": 0,
      "n_manufactured_false_positives": 0,
      "deflation": 0.0,
      "precision_observed_le_precision_true": true,
      "manufactured_are_a_superset": true,
      "bound_is_tight": true,
      "bound_is_loose": false,
      "n_omitted": 0,
      "n_omitted_and_predicted": 0,
      "omission_only_precondition_holds": true,
      "identity_agrees_with_row40": true
     },
     {
      "event_budget": 3200,
      "n_truth_observed": 4,
      "n_truth_complete": 4,
      "n_missed_by_oracle": 0,
      "n_manufactured_false_positives": 0,
      "deflation": 0.0,
      "precision_observed_le_precision_true": true,
      "manufactured_are_a_superset": true,
      "bound_is_tight": true,
      "bound_is_loose": false,
      "n_omitted": 0,
      "n_omitted_and_predicted": 0,
      "omission_only_precondition_holds": true,
      "identity_agrees_with_row40": true
     },
     {
      "event_budget": 6400,
      "n_truth_observed": 4,
      "n_truth_complete": 4,
      "n_missed_by_oracle": 0,
      "n_manufactured_false_positives": 0,
      "deflation": 0.0,
      "precision_observed_le_precision_true": true,
      "manufactured_are_a_superset": true,
      "bound_is_tight": true,
      "bound_is_loose": false,
      "n_omitted": 0,
      "n_omitted_and_predicted": 0,
      "omission_only_precondition_holds": true,
      "identity_agrees_with_row40": true
     },
     {
      "event_budget": 12800,
      "n_truth_observed": 4,
      "n_truth_complete": 4,
      "n_missed_by_oracle": 0,
      "n_manufactured_false_positives": 0,
      "deflation": 0.0,
      "precision_observed_le_precision_true": true,
      "manufactured_are_a_superset": true,
      "bound_is_tight": true,
      "bound_is_loose": false,
      "n_omitted": 0,
      "n_omitted_and_predicted": 0,
      "omission_only_precondition_holds": true,
      "identity_agrees_with_row40": true
     },
     {
      "event_budget": 51200,
      "n_truth_observed": 4,
      "n_truth_complete": 4,
      "n_missed_by_oracle": 0,
      "n_manufactured_false_positives": 0,
      "deflation": 0.0,
      "precision_observed_le_precision_true": true,
      "manufactured_are_a_superset": true,
      "bound_is_tight": true,
      "bound_is_loose": false,
      "n_omitted": 0,
      "n_omitted_and_predicted": 0,
      "omission_only_precondition_holds": true,
      "identity_agrees_with_row40": true
     },
     {
      "event_budget": 2000000,
      "n_truth_observed": 4,
      "n_truth_complete": 4,
      "n_missed_by_oracle": 0,
      "n_manufactured_false_positives": 0,
      "deflation": 0.0,
      "precision_observed_le_precision_true": true,
      "manufactured_are_a_superset": true,
      "bound_is_tight": true,
      "bound_is_loose": false,
      "n_omitted": 0,
      "n_omitted_and_predicted": 0,
      "omission_only_precondition_holds": true,
      "identity_agrees_with_row40": true
     }
    ],
    "verdict": {
     "n_rows": 11,
     "n_rows_with_real_omission": 2,
     "n_loose_rows": 2,
     "n_tight_despite_omission_rows": 0,
     "max_manufactured": 2,
     "max_deflation": 1.0,
     "both_branches_witnessed": false,
     "non_vacuous": true,
     "verdict": "NON-VACUOUS: an omission landed on a predicted symbol, so the inflation L1 predicts was observed rather than assumed."
    },
    "precondition_violated_at_any_budget": false,
    "identity_disagreed_at_any_budget": false,
    "direction_violated_at_any_budget": false
   },
   "synthetic_index_repo": {
    "n_predicted": 0,
    "n_truth_complete": 0,
    "rows": [
     {
      "event_budget": 50,
      "n_truth_observed": 0,
      "n_truth_complete": 0,
      "n_missed_by_oracle": 0,
      "n_manufactured_false_positives": 0,
      "deflation": 0.0,
      "precision_observed_le_precision_true": true,
      "manufactured_are_a_superset": true,
      "bound_is_tight": true,
      "bound_is_loose": false,
      "n_omitted": 0,
      "n_omitted_and_predicted": 0,
      "omission_only_precondition_holds": true,
      "identity_agrees_with_row40": true
     },
     {
      "event_budget": 100,
      "n_truth_observed": 0,
      "n_truth_complete": 0,
      "n_missed_by_oracle": 0,
      "n_manufactured_false_positives": 0,
      "deflation": 0.0,
      "precision_observed_le_precision_true": true,
      "manufactured_are_a_superset": true,
      "bound_is_tight": true,
      "bound_is_loose": false,
      "n_omitted": 0,
      "n_omitted_and_predicted": 0,
      "omission_only_precondition_holds": true,
      "identity_agrees_with_row40": true
     },
     {
      "event_budget": 200,
      "n_truth_observed": 0,
      "n_truth_complete": 0,
      "n_missed_by_oracle": 0,
      "n_manufactured_false_positives": 0,
      "deflation": 0.0,
      "precision_observed_le_precision_true": true,
      "manufactured_are_a_superset": true,
      "bound_is_tight": true,
      "bound_is_loose": false,
      "n_omitted": 0,
      "n_omitted_and_predicted": 0,
      "omission_only_precondition_holds": true,
      "identity_agrees_with_row40": true
     },
     {
      "event_budget": 400,
      "n_truth_observed": 0,
      "n_truth_complete": 0,
      "n_missed_by_oracle": 0,
      "n_manufactured_false_positives": 0,
      "deflation": 0.0,
      "precision_observed_le_precision_true": true,
      "manufactured_are_a_superset": true,
      "bound_is_tight": true,
      "bound_is_loose": false,
      "n_omitted": 0,
      "n_omitted_and_predicted": 0,
      "omission_only_precondition_holds": true,
      "identity_agrees_with_row40": true
     },
     {
      "event_budget": 800,
      "n_truth_observed": 0,
      "n_truth_complete": 0,
      "n_missed_by_oracle": 0,
      "n_manufactured_false_positives": 0,
      "deflation": 0.0,
      "precision_observed_le_precision_true": true,
      "manufactured_are_a_superset": true,
      "bound_is_tight": true,
      "bound_is_loose": false,
      "n_omitted": 0,
      "n_omitted_and_predicted": 0,
      "omission_only_precondition_holds": true,
      "identity_agrees_with_row40": true
     },
     {
      "event_budget": 1600,
      "n_truth_observed": 0,
      "n_truth_complete": 0,
      "n_missed_by_oracle": 0,
      "n_manufactured_false_positives": 0,
      "deflation": 0.0,
      "precision_observed_le_precision_true": true,
      "manufactured_are_a_superset": true,
      "bound_is_tight": true,
      "bound_is_loose": false,
      "n_omitted": 0,
      "n_omitted_and_predicted": 0,
      "omission_only_precondition_holds": true,
      "identity_agrees_with_row40": true
     },
     {
      "event_budget": 3200,
      "n_truth_observed": 0,
      "n_truth_complete": 0,
      "n_missed_by_oracle": 0,
      "n_manufactured_false_positives": 0,
      "deflation": 0.0,
      "precision_observed_le_precision_true": true,
      "manufactured_are_a_superset": true,
      "bound_is_tight": true,
      "bound_is_loose": false,
      "n_omitted": 0,
      "n_omitted_and_predicted": 0,
      "omission_only_precondition_holds": true,
      "identity_agrees_with_row40": true
     },
     {
      "event_budget": 6400,
      "n_truth_observed": 0,
      "n_truth_complete": 0,
      "n_missed_by_oracle": 0,
      "n_manufactured_false_positives": 0,
      "deflation": 0.0,
      "precision_observed_le_precision_true": true,
      "manufactured_are_a_superset": true,
      "bound_is_tight": true,
      "bound_is_loose": false,
      "n_omitted": 0,
      "n_omitted_and_predicted": 0,
      "omission_only_precondition_holds": true,
      "identity_agrees_with_row40": true
     },
     {
      "event_budget": 12800,
      "n_truth_observed": 0,
      "n_truth_complete": 0,
      "n_missed_by_oracle": 0,
      "n_manufactured_false_positives": 0,
      "deflation": 0.0,
      "precision_observed_le_precision_true": true,
      "manufactured_are_a_superset": true,
      "bound_is_tight": true,
      "bound_is_loose": false,
      "n_omitted": 0,
      "n_omitted_and_predicted": 0,
      "omission_only_precondition_holds": true,
      "identity_agrees_with_row40": true
     },
     {
      "event_budget": 51200,
      "n_truth_observed": 0,
      "n_truth_complete": 0,
      "n_missed_by_oracle": 0,
      "n_manufactured_false_positives": 0,
      "deflation": 0.0,
      "precision_observed_le_precision_true": true,
      "manufactured_are_a_superset": true,
      "bound_is_tight": true,
      "bound_is_loose": false,
      "n_omitted": 0,
      "n_omitted_and_predicted": 0,
      "omission_only_precondition_holds": true,
      "identity_agrees_with_row40": true
     },
     {
      "event_budget": 2000000,
      "n_truth_observed": 0,
      "n_truth_complete": 0,
      "n_missed_by_oracle": 0,
      "n_manufactured_false_positives": 0,
      "deflation": 0.0,
      "precision_observed_le_precision_true": true,
      "manufactured_are_a_superset": true,
      "bound_is_tight": true,
      "bound_is_loose": false,
      "n_omitted": 0,
      "n_omitted_and_predicted": 0,
      "omission_only_precondition_holds": true,
      "identity_agrees_with_row40": true
     }
    ],
    "verdict": {
     "n_rows": 11,
     "n_rows_with_real_omission": 0,
     "n_loose_rows": 0,
     "n_tight_despite_omission_rows": 0,
     "max_manufactured": 0,
     "max_deflation": 0.0,
     "both_branches_witnessed": false,
     "non_vacuous": false,
     "verdict": "STILL VACUOUS: no omission in this sweep touched a predicted symbol, so L1's predicted effect remains unwitnessed."
    },
    "precondition_violated_at_any_budget": false,
    "identity_disagreed_at_any_budget": false,
    "direction_violated_at_any_budget": false
   }
  },
  "falsifiers": {
   "loose_case_budget": 50,
   "invented_edge": [
    "witnesses.Rec.__post_init__",
    "witnesses.Rec.helper"
   ],
   "invented_edge_was_predicted": true,
   "invention_ON_a_predicted_edge": {
    "n_invented": 1,
    "precondition_violated": true,
    "false_edge_count_deflated": false,
    "precision_inflated": false,
    "precision_true": 0.4,
    "precision_observed": 0.2,
    "direction_survives": true,
    "n_true_positives": 2,
    "n_observed_positives": 1,
    "headroom": 1,
    "reversal_condition": "n_observed_positives > n_true_positives",
    "violating_the_precondition_is_sufficient": false,
    "verdict": "precondition VIOLATED, direction SURVIVES, and the reason is HEADROOM: the truncated oracle had 1 unclaimed true-positive slots, so the invention filled one without reaching the true count. Truncation PROTECTS the direction against invention; only a near-complete oracle can be flattered this way."
   },
   "invention_OFF_the_prediction": {
    "n_invented": 1,
    "precondition_violated": true,
    "false_edge_count_deflated": false,
    "precision_inflated": false,
    "precision_true": 0.4,
    "precision_observed": 0.0,
    "direction_survives": true,
    "n_true_positives": 2,
    "n_observed_positives": 0,
    "headroom": 2,
    "reversal_condition": "n_observed_positives > n_true_positives",
    "violating_the_precondition_is_sufficient": false,
    "verdict": "precondition VIOLATED, direction SURVIVES, and the reason is HEADROOM: the truncated oracle had 2 unclaimed true-positive slots, so the invention filled one without reaching the true count. Truncation PROTECTS the direction against invention; only a near-complete oracle can be flattered this way."
   },
   "omission_only_direction_holds": {
    "n_invented": 0,
    "precondition_violated": false,
    "false_edge_count_deflated": false,
    "precision_inflated": false,
    "precision_true": 0.4,
    "precision_observed": 0.0,
    "direction_survives": true,
    "n_true_positives": 2,
    "n_observed_positives": 0,
    "headroom": 2,
    "reversal_condition": "n_observed_positives > n_true_positives",
    "violating_the_precondition_is_sufficient": null,
    "verdict": "precondition held; nothing to falsify"
   },
   "row40_agrees_with_row41_on_the_loose_case": {
    "row40_manufactured": 2,
    "row41_omitted_and_predicted": 2
   }
  },
  "n8": {
   "question": "does a complete oracle unblock N8 (unadjudicable_edges -> 0)?",
   "answer": "NO. The sweep makes truncation reachable on demand, and the one budget that is complete still leaves the same unjudged edges, because an edge is unjudged when the oracle never SAW it, and a complete budget on a terminating target is complete only for the targets that terminate. Row 36's monotone argument is untouched.",
   "n6_still_deferred": "ranking_identifiable is unchanged, so a quality variation still cannot be ranked."
  },
  "self_check": {
   "tight_when_complete": true,
   "loose_when_omission_hits_prediction": true,
   "TIGHT_despite_a_real_omission": true,
   "strictly_is_FALSE_as_stated": true,
   "set_identity_holds": true,
   "precondition_precondition_holds_when_complete": true,
   "direction_REVERSES_when_oracle_invents": true,
   "invention_off_the_prediction_moves_nothing": true,
   "verdict_agrees_with_the_numbers_when_reversed": true,
   "verdict_agrees_with_the_numbers_when_it_survives": true,
   "headroom_shields_a_truncated_oracle": true,
   "reversal_needs_headroom_to_go_negative": true,
   "sweep_sees_both_branches": true,
   "sweep_is_non_vacuous": true,
   "sweep_detects_the_vacuous_case": true
  },
  "self_check_all_pass": true,
  "corrections_to_logged_claims": {
   "eq_row_40_strictly": "RETRACTED. The bound is NON-NEGATIVE, not strict. The sweep witnesses a row with n_omitted > 0, the oracle genuinely incomplete, and inflation 0, which is a counterexample to 'strictly' as the run-13 record states it. The corrected law is the iff: measured - true == |predicted & omitted|.",
   "eq_row_40_vacuous_in_run13": "CONFIRMED and now repaired. Run 13's truncation came from the wall clock, which never fires on these fixtures, so all three of its rows had truth_sets_equal = True and deflation = 0.0. The sweep replaces the accident with a budget that binds on purpose.",
   "run13_completeness_contradiction": "RESOLVED as consistent-under-one-reading, not a contradiction. l1_measured compared the WALL-CLOCK oracle to a GENEROUS-budget oracle and both completed; l1b compared a SMALL budget to a BIG one and the small one bound. Two budgets, two answers, one run. The sweep makes the budget a reported axis so this cannot recur."
  }
 }
]
